Olu┼şturma ba┼şlat─▒ld─▒: 19.07.2026 00:58:42.
     1>1 d├╝─ş├╝m├╝nde "C:\Users\yoruk\.gemini\antigravity\scratch\TrainService\TrainService.sln" projesi (VSTest hedef).
     1>ValidateSolutionConfiguration:
         "Debug|Any CPU" ├ğ├Âz├╝m yap─▒land─▒rmas─▒ olu┼şturuluyor.
C:\Users\yoruk\.gemini\antigravity\scratch\TrainService\tests\TrainService.Data.Tests\bin\Debug\net8.0-windows10.0.17763.0\TrainService.Data.Tests.dll (.NETCoreApp,Version=v8.0) i├ğin test ├ğal─▒┼şt─▒rmas─▒
C:\Users\yoruk\.gemini\antigravity\scratch\TrainService\tests\TrainService.Simulation.Tests\bin\Debug\net8.0\TrainService.Simulation.Tests.dll (.NETCoreApp,Version=v8.0) i├ğin test ├ğal─▒┼şt─▒rmas─▒
C:\Users\yoruk\.gemini\antigravity\scratch\TrainService\tests\TrainService.Cad.Tests\bin\Debug\net8.0\TrainService.Cad.Tests.dll (.NETCoreApp,Version=v8.0) i├ğin test ├ğal─▒┼şt─▒rmas─▒
VSTest s├╝r├╝m├╝ 17.11.1 (x64)

C:\Users\yoruk\.gemini\antigravity\scratch\TrainService\tests\TrainService.Messaging.Tests\bin\Debug\net8.0\TrainService.Messaging.Tests.dll (.NETCoreApp,Version=v8.0) i├ğin test ├ğal─▒┼şt─▒rmas─▒
VSTest s├╝r├╝m├╝ 17.11.1 (x64)

C:\Users\yoruk\.gemini\antigravity\scratch\TrainService\tests\TrainService.Core.Tests\bin\Debug\net8.0\TrainService.Core.Tests.dll (.NETCoreApp,Version=v8.0) i├ğin test ├ğal─▒┼şt─▒rmas─▒
VSTest s├╝r├╝m├╝ 17.11.1 (x64)

VSTest s├╝r├╝m├╝ 17.11.1 (x64)

Test y├╝r├╝tmesi ba┼şlat─▒l─▒yor, l├╝tfen bekleyin...
C:\Users\yoruk\.gemini\antigravity\scratch\TrainService\tests\TrainService.App.Tests\bin\Debug\net8.0-windows10.0.17763.0\TrainService.App.Tests.dll (.NETCoreApp,Version=v8.0) i├ğin test ├ğal─▒┼şt─▒rmas─▒
Toplam 1 test dosyas─▒ belirtilen desenle e┼şle┼şti.
C:\Users\yoruk\.gemini\antigravity\scratch\TrainService\tests\TrainService.Architecture.Tests\bin\Debug\net8.0-windows10.0.17763.0\TrainService.Architecture.Tests.dll (.NETCoreApp,Version=v8.0) i├ğin test ├ğal─▒┼şt─▒rmas─▒
VSTest s├╝r├╝m├╝ 17.11.1 (x64)

Test y├╝r├╝tmesi ba┼şlat─▒l─▒yor, l├╝tfen bekleyin...
VSTest s├╝r├╝m├╝ 17.11.1 (x64)

Test y├╝r├╝tmesi ba┼şlat─▒l─▒yor, l├╝tfen bekleyin...
Toplam 1 test dosyas─▒ belirtilen desenle e┼şle┼şti.
Toplam 1 test dosyas─▒ belirtilen desenle e┼şle┼şti.
Test y├╝r├╝tmesi ba┼şlat─▒l─▒yor, l├╝tfen bekleyin...
VSTest s├╝r├╝m├╝ 17.11.1 (x64)

Toplam 1 test dosyas─▒ belirtilen desenle e┼şle┼şti.
Test y├╝r├╝tmesi ba┼şlat─▒l─▒yor, l├╝tfen bekleyin...
Toplam 1 test dosyas─▒ belirtilen desenle e┼şle┼şti.
Test y├╝r├╝tmesi ba┼şlat─▒l─▒yor, l├╝tfen bekleyin...
Toplam 1 test dosyas─▒ belirtilen desenle e┼şle┼şti.
Test y├╝r├╝tmesi ba┼şlat─▒l─▒yor, l├╝tfen bekleyin...
Toplam 1 test dosyas─▒ belirtilen desenle e┼şle┼şti.
[xUnit.net 00:00:00.00] xUnit.net VSTest Adapter v2.5.3.1+6b60a9e56a (64-bit .NET 8.0.28)
[xUnit.net 00:00:00.00] xUnit.net VSTest Adapter v2.5.3.1+6b60a9e56a (64-bit .NET 8.0.28)
[xUnit.net 00:00:00.12]   Discovering: TrainService.Data.Tests
[xUnit.net 00:00:00.16]   Discovered:  TrainService.Data.Tests
[xUnit.net 00:00:00.00] xUnit.net VSTest Adapter v2.5.3.1+6b60a9e56a (64-bit .NET 8.0.28)
[xUnit.net 00:00:00.17]   Starting:    TrainService.Data.Tests
[xUnit.net 00:00:00.10]   Discovering: TrainService.Simulation.Tests
[xUnit.net 00:00:00.00] xUnit.net VSTest Adapter v2.5.3.1+6b60a9e56a (64-bit .NET 8.0.28)
[xUnit.net 00:00:00.15]   Discovered:  TrainService.Simulation.Tests
[xUnit.net 00:00:00.15]   Starting:    TrainService.Simulation.Tests
[xUnit.net 00:00:00.00] xUnit.net VSTest Adapter v2.5.3.1+6b60a9e56a (64-bit .NET 8.0.28)
[xUnit.net 00:00:00.11]   Discovering: TrainService.Cad.Tests
[xUnit.net 00:00:00.12]   Discovering: TrainService.Messaging.Tests
     Warning:
     The component "Fluent Assertions" is governed by the rules defined in the Xceed License Agreement and
     the Xceed Fluent Assertions Community License. You may use Fluent Assertions free of charge for
     non-commercial use only. An active subscription is required to use Fluent Assertions for commercial use.
     Please contact Xceed Sales mailto:sales@xceed.com to acquire a subscription at a very low cost.
     A paid commercial license supports the development and continued increasing support of
     Fluent Assertions users under both commercial and community licenses. Help us
     keep Fluent Assertions at the forefront of unit testing.
     For more information, visit https://xceed.com/products/unit-testing/fluent-assertions/
[xUnit.net 00:00:00.24]   Finished:    TrainService.Simulation.Tests
[xUnit.net 00:00:00.20]   Discovered:  TrainService.Cad.Tests
[xUnit.net 00:00:00.11]   Discovering: TrainService.Core.Tests
[xUnit.net 00:00:00.20]   Starting:    TrainService.Cad.Tests
[xUnit.net 00:00:00.17]   Discovered:  TrainService.Messaging.Tests
Ayn─▒ 'executor://xunit/VsTestRunner2/netcoreapp' URIÔÇÖsine sahip birden fazla test ba─şda┼şt─▒r─▒c─▒s─▒ bulundu. 'Xunit.Runner.VisualStudio.VsTestRunner' ba─şda┼şt─▒r─▒c─▒s─▒ yoksay─▒l─▒yor. Bu uyar─▒y─▒ ├Ânlemek i├ğin l├╝tfen ├ğak─▒┼şan ba─şda┼şt─▒r─▒c─▒lar─▒ kald─▒r─▒n.
[xUnit.net 00:00:00.18]   Starting:    TrainService.Messaging.Tests
[xUnit.net 00:00:00.00] xUnit.net VSTest Adapter v2.8.2+699d445a1a (64-bit .NET 8.0.28)
[xUnit.net 00:00:00.16]   Discovered:  TrainService.Core.Tests
[xUnit.net 00:00:00.16]   Starting:    TrainService.Core.Tests
[xUnit.net 00:00:00.00] xUnit.net VSTest Adapter v2.5.3.1+6b60a9e56a (64-bit .NET 8.0.28)
Info: Ray ´┐¢izimi ba´┐¢lad´┐¢: (12,34, 56,78)
Success: Segment eklendi: L=167,91737253780502 mm
     Warning:
     The component "Fluent Assertions" is governed by the rules defined in the Xceed License Agreement and
     the Xceed Fluent Assertions Community License. You may use Fluent Assertions free of charge for
     non-commercial use only. An active subscription is required to use Fluent Assertions for commercial use.
     Please contact Xceed Sales mailto:sales@xceed.com to acquire a subscription at a very low cost.
     A paid commercial license supports the development and continued increasing support of
     Fluent Assertions users under both commercial and community licenses. Help us
     keep Fluent Assertions at the forefront of unit testing.
     For more information, visit https://xceed.com/products/unit-testing/fluent-assertions/
Info: Ray ´┐¢izimi ba´┐¢lad´┐¢: (10, 10)
Info: Ray ´┐¢izimi ba´┐¢lad´┐¢: (10, 10)
Info: Ray ´┐¢izimi ba´┐¢lad´┐¢: (10, 10)
Success: Segment eklendi: L=10 mm
Info: Ray ´┐¢izimi ba´┐¢lad´┐¢: (10, 10)
Success: Segment eklendi: L=10 mm
Info: Ray ´┐¢izimi ba´┐¢lad´┐¢: (0, 0)
Success: Segment eklendi: L=10 mm
Success: Segment eklendi: L=10 mm
Info: ´┐¢izim iptal edildi
Info: Ray ´┐¢izimi ba´┐¢lad´┐¢: (0, 0)
Success: Segment eklendi: L=100 mm
Info: Ray ´┐¢izimi ba´┐¢lad´┐¢: (0, 0)
Success: Segment eklendi: L=100 mm
Info: Ray ´┐¢izimi ba´┐¢lad´┐¢: (10, 10)
Success: Segment eklendi: L=10 mm
Success: Segment eklendi: L=10 mm
Info: Ray ´┐¢izimi ba´┐¢lad´┐¢: (0, 0)
Success: Segment eklendi: L=10 mm
Success: Segment eklendi: L=10 mm
Success: Segment eklendi: L=10 mm
Info: Ray ´┐¢izimi ba´┐¢lad´┐¢: (0, 0)
Success: Segment eklendi: L=10 mm
Info: Ray zinciri tamamland´┐¢
Info: Ray ´┐¢izimi ba´┐¢lad´┐¢: (20, 0)
Success: Segment eklendi: L=10 mm
Info: Ray ´┐¢izimi ba´┐¢lad´┐¢: (10, 10)
     Warning:
     The component "Fluent Assertions" is governed by the rules defined in the Xceed License Agreement and
     the Xceed Fluent Assertions Community License. You may use Fluent Assertions free of charge for
     non-commercial use only. An active subscription is required to use Fluent Assertions for commercial use.
     Please contact Xceed Sales mailto:sales@xceed.com to acquire a subscription at a very low cost.
     A paid commercial license supports the development and continued increasing support of
     Fluent Assertions users under both commercial and community licenses. Help us
     keep Fluent Assertions at the forefront of unit testing.
     For more information, visit https://xceed.com/products/unit-testing/fluent-assertions/
[xUnit.net 00:00:00.22]   Discovering: TrainService.App.Tests
Info: Ray ´┐¢izimi ba´┐¢lad´┐¢: (10, 10)
  Ba┼şar─▒l─▒ TrainService.Simulation.Tests.SmokeTests.Simulation_Iskelet_BosKaliyor [22 ms]

Test ├çal─▒┼şt─▒rmas─▒ Ba┼şar─▒l─▒.
Info: S´┐¢f´┐¢r uzunluklu segment yoksay´┐¢ld´┐¢
[xUnit.net 00:00:00.26]   Discovering: TrainService.Architecture.Tests
Toplam test say─▒s─▒: 1
  Ba┼şar─▒l─▒ TrainService.Core.Tests.T1xx_VectorTests.T101_Vector2D_Matematigi [40 ms]
     Ge├ğti: 1
  Ba┼şar─▒l─▒   Ba┼şar─▒l─▒  Toplam s├╝re: 1,1456 SaniyeTrainService.Core.Tests.T2xx_Vector2DMathTests.T212_DistanceSquaredToSegment_DejenereSegment_NaNYok [40 ms]TrainService.Cad.Tests.UndoRedoTests.Test3_Undo_Then_NewDo_Clears_RedoStack [13 ms]


  Ba┼şar─▒l─▒   Ba┼şar─▒l─▒ TrainService.Core.Tests.T2xx_TrackGraphTests.T217_ValidateRoute_DogruVeKopukVeTers [40 ms]
TrainService.Cad.Tests.T240_LayerTests.T244_AyniDegere_Set_EventTetiklemez [18 ms]
[xUnit.net 00:00:00.33]   Discovered:  TrainService.App.Tests
  Ba┼şar─▒l─▒ TrainService.Core.Tests.T2xx_EntityTests.T204_Ramp_GradePercent_SifirUzunluk_Patlamaz [40 ms]
  Ba┼şar─▒l─▒ TrainService.Cad.Tests.Tools.T1800_TrackToolTests.T1814_TrackTool_SadeceSnapNoktasiKullanir [18 ms]
  Ba┼şar─▒l─▒ TrainService.Core.Tests.T280_TrackGraphSwitchTests.T281_IsSwitchPort_NonSwitchNode_ReturnsFalse [40 ms]
  Ba┼şar─▒l─▒   Ba┼şar─▒l─▒ TrainService.Cad.Tests.T3xx_ViewportTests.T302_ZoomAt_ImlecAltiSabit [18 ms]
TrainService.Core.Tests.T2xx_Vector2DMathTests.T210_DistanceSquaredToSegment_DikIzdusum [< 1 ms]
  Ba┼şar─▒l─▒ TrainService.Cad.Tests.SnapEngineTests.T1711_Engine_Tolerance_Conversion(tolPx: 10, scale: 0,5, expectedWorldTol: 20) [21 ms]
  Ba┼şar─▒l─▒ TrainService.Core.Tests.T2xx_Vector2DMathTests.T213_DistanceSquaredToSegment_TamUstunde_Sifir [< 1 ms]
  Ba┼şar─▒l─▒ TrainService.Cad.Tests.SnapEngineTests.T1711_Engine_Tolerance_Conversion(tolPx: 10, scale: -1, expectedWorldTol: 0) [< 1 ms]
[xUnit.net 00:00:00.33]   Starting:    TrainService.App.Tests
  Ba┼şar─▒l─▒ TrainService.Core.Tests.T2xx_Vector2DMathTests.T211_DistanceSquaredToSegment_UcNoktaClamp [< 1 ms]
  Ba┼şar─▒l─▒   Ba┼şar─▒l─▒ TrainService.Cad.Tests.SnapEngineTests.T1711_Engine_Tolerance_Conversion(tolPx: 10, scale: 0, expectedWorldTol: 0) [< 1 ms]
TrainService.Core.Tests.T280_TrackGraphSwitchTests.T286_AreAdjacent_CrossSwitch_Works [2 ms]
  Ba┼şar─▒l─▒   Ba┼şar─▒l─▒ TrainService.Core.Tests.T280_TrackGraphSwitchTests.T284_GetSwitchForPort_EntryNode_ReturnsSwitch [1 ms]
TrainService.Cad.Tests.SnapEngineTests.T1711_Engine_Tolerance_Conversion(tolPx: 10, scale: 2, expectedWorldTol: 5) [< 1 ms]
  Ba┼şar─▒l─▒   Ba┼şar─▒l─▒ TrainService.Core.Tests.T280_TrackGraphSwitchTests.T283_GetSwitchState_DivergingState_ReturnsDiverging [1 ms]
TrainService.Cad.Tests.T240_LayerTests.T248_YuklenenKatmanlar_EntityLayerId_ileEslesir [1 ms]
  Ba┼şar─▒l─▒ TrainService.Core.Tests.T280_TrackGraphSwitchTests.T285_GetSwitchForPort_PlainNode_ReturnsNull [< 1 ms]
  Ba┼şar─▒l─▒ TrainService.Cad.Tests.SnapEngineTests.T1710_Engine_EmptyProviders_Returns_None [1 ms]
  Ba┼şar─▒l─▒   Ba┼şar─▒l─▒ TrainService.Core.Tests.T2xx_EntityTests.T206_Entity_Bounds_NegatifKoordinat [26 ms]
TrainService.Cad.Tests.Tools.T250_RouteToolTests.T251_KomsuTik_EklerVeYonKesinlesir [21 ms]
  Ba┼şar─▒l─▒   Ba┼şar─▒l─▒ TrainService.Cad.Tests.SnapEngineTests.T1713_Engine_NoAllocation_On_Resolve [1 ms]
TrainService.Core.Tests.T1xx_VectorTests.T102_Vector2D_Normalize_ZeroVector_ReturnsZero [27 ms]
  Ba┼şar─▒l─▒   Ba┼şar─▒l─▒ TrainService.Cad.Tests.T310_FeatureTreeTests.T312_FeatureTreeItem_Children_Hierarchy [22 ms]
TrainService.Core.Tests.T2xx_EntityTests.T205_RouteStep_Direction_RoundTrip [1 ms]     Warning:

  Ba┼şar─▒l─▒   Ba┼şar─▒l─▒ TrainService.Core.Tests.T1xx_VectorTests.T103_Vector2D_Length_ZeroVector [< 1 ms]
TrainService.Cad.Tests.T3xx_ViewportTests.T304_Scale_SinirKontrol [3 ms]
     The component "Fluent Assertions" is governed by the rules defined in the Xceed License Agreement and
  Ba┼şar─▒l─▒ TrainService.Core.Tests.T2xx_EntityTests.T202_TrackSegment_LengthMm_OkunurYazilir [< 1 ms]
  Ba┼şar─▒l─▒      the Xceed Fluent Assertions Community License. You may use Fluent Assertions free of charge for
  Ba┼şar─▒l─▒ TrainService.Cad.Tests.T2xx_ClipboardTests.T237_Copy_SonrasiKaynakDegisse_PanoSabit [23 ms]
TrainService.Core.Tests.T1xx_VectorTests.T105_Vector2D_PerpendicularCW [< 1 ms]
  Ba┼şar─▒l─▒   Ba┼şar─▒l─▒      non-commercial use only. An active subscription is required to use Fluent Assertions for commercial use.
TrainService.Cad.Tests.T2xx_ClipboardTests.T231_Copy_PanoDolar_BelgeDegismez [< 1 ms]TrainService.Core.Tests.T280_TrackGraphSwitchTests.T280_Build_WithSwitches_SwitchPortsMapped [29 ms]

  Ba┼şar─▒l─▒   Ba┼şar─▒l─▒      Please contact Xceed Sales mailto:sales@xceed.com to acquire a subscription at a very low cost.
TrainService.Cad.Tests.T2xx_ClipboardTests.T236_BosSecimde_CopyCut_PanoDegismez [< 1 ms]
TrainService.Core.Tests.T280_TrackGraphSwitchTests.T282_GetSwitchState_MainState_ReturnsMain [< 1 ms]
  Ba┼şar─▒l─▒   Ba┼şar─▒l─▒      A paid commercial license supports the development and continued increasing support of
TrainService.Core.Tests.T2xx_EntityTests.T201_CadEntity_Id_BenzersizVeBosDegil [13 ms]
TrainService.Cad.Tests.T3xx_SnapEngineTests.T309_SnapEngine_OncelikZinciri [25 ms]
  Ba┼şar─▒l─▒      Fluent Assertions users under both commercial and community licenses. Help us
TrainService.Cad.Tests.T2xx_SelectToolTests.T223_Window_SoldanSaga_SadeceTamIcerenSecilir [25 ms]
  Ba┼şar─▒l─▒ TrainService.Cad.Tests.T3xx_ViewportTests.T301_Transform_RoundTrip_500Nokta [3 ms]
     keep Fluent Assertions at the forefront of unit testing.
  Ba┼şar─▒l─▒ TrainService.Cad.Tests.T3xx_SnapEngineTests.T310_OnSegment_Clamp [< 1 ms]
     For more information, visit https://xceed.com/products/unit-testing/fluent-assertions/
  Ba┼şar─▒l─▒ TrainService.Cad.Tests.T3xx_ViewportTests.T303_ZoomAt_20Kez_BirikimliHataYok [< 1 ms]
  Ba┼şar─▒l─▒   Ba┼şar─▒l─▒ TrainService.Cad.Tests.T2xx_ClipboardTests.T234_Paste_Undo_EklenenlerSilinir [1 ms]
TrainService.Core.Tests.T2xx_EntityTests.T203_Ramp_GradePercent_Hesabi [< 1 ms]
  Ba┼şar─▒l─▒ TrainService.Cad.Tests.T2xx_SelectToolTests.T228_Delete_SeciliyiSiler_UndoGeriGetirir [1 ms]
  Ba┼şar─▒l─▒ TrainService.Core.Tests.T2xx_TrackGraphTests.T216_FindBlocks_YMakasi_UcBlok [123 ms]
  Ba┼şar─▒l─▒ TrainService.Cad.Tests.T2xx_SelectToolTests.T227_BoundingBox_ContainsVeIntersects [< 1 ms]
  Ba┼şar─▒l─▒ TrainService.Cad.Tests.T240_LayerTests.T241_GizliKatman_Secilemez [7 ms]
  Ba┼şar─▒l─▒ TrainService.Cad.Tests.Tools.T260_HybridToolTests.T269_DortSegmentRoute_YonlerDogru [27 ms]
  Ba┼şar─▒l─▒ TrainService.Cad.Tests.Tools.T250_RouteToolTests.T254_Enter_Commit_RotaEklenir_SecimGuncel [5 ms]
  Ba┼şar─▒l─▒ TrainService.Cad.Tests.UndoRedo.T1800_CommandTests.T1802_RemoveEntity_Undo_AyniNesneyiGeriGetirir [27 ms]
  Ba┼şar─▒l─▒ TrainService.Cad.Tests.Tools.T250_RouteToolTests.T252_KomsuOlmayanTik_YokSayilir [< 1 ms]
  Ba┼şar─▒l─▒ TrainService.Cad.Tests.T2xx_ClipboardTests.T233_Paste_YeniIdKlonlar_Offset_SecimGuncel [1 ms]
  Ba┼şar─▒l─▒ TrainService.Cad.Tests.UndoRedo.T1800_CommandTests.T1801_AddEntity_ExecuteUndo_Simetri [< 1 ms]
  Ba┼şar─▒l─▒ TrainService.Cad.Tests.Tools.T260_HybridToolTests.T265_OnSegmentDisiSnap_Reddedilir [< 1 ms]
  Ba┼şar─▒l─▒ TrainService.Cad.Tests.Tools.T250_RouteToolTests.T253_AyniSegmentIkinciKez_YokSayilir [< 1 ms]
  Ba┼şar─▒l─▒ TrainService.Cad.Tests.Tools.T260_HybridToolTests.T262_UcTik_IkiSegmentIkiStep [< 1 ms]
[xUnit.net 00:00:00.34]   Discovered:  TrainService.Architecture.Tests
  Ba┼şar─▒l─▒ TrainService.Cad.Tests.Tools.T250_RouteToolTests.T250_IlkTik_AdimBaslar [< 1 ms]
  Ba┼şar─▒l─▒ TrainService.Cad.Tests.Tools.T260_HybridToolTests.T260_IlkTik_ChainingBaslar [< 1 ms]
[xUnit.net 00:00:00.35]   Starting:    TrainService.Architecture.Tests
  Ba┼şar─▒l─▒ TrainService.Cad.Tests.Tools.T250_RouteToolTests.T257_OnSegmentDisiSnap_AdayUretmez [< 1 ms]
  Ba┼şar─▒l─▒ TrainService.Cad.Tests.Tools.T260_HybridToolTests.T268_PreviewHybrid_IkiBilesen [< 1 ms]
  Ba┼şar─▒l─▒ TrainService.Cad.Tests.Tools.T250_RouteToolTests.T255_Esc_Iptal_HicbirSeyEklenmez [< 1 ms]
  Ba┼şar─▒l─▒ TrainService.Cad.Tests.T2xx_ClipboardTests.T232_Cut_Siler_PanoyaYazar_UndoGeriGetirir [1 ms]
  Ba┼şar─▒l─▒ TrainService.Cad.Tests.T240_LayerTests.T242_KilitliKatman_Secilemez_AmaGorunur [3 ms]
  Ba┼şar─▒l─▒ TrainService.Cad.Tests.Tools.T250_RouteToolTests.T256_Commit_BayatGraf_Reddeder [< 1 ms]
  Ba┼şar─▒l─▒ TrainService.Cad.Tests.T240_LayerTests.T246_MarqueeSecim_GizliKatmaniAtlar [< 1 ms]
  Ba┼şar─▒l─▒ TrainService.Cad.Tests.T3xx_SpatialHashTests.T305_SpatialHash_EkleSilSorgula [8 ms]
  Ba┼şar─▒l─▒ TrainService.Cad.Tests.Tools.T1800_TrackToolTests.T1811_TrackTool_Deactivate_SessizIptal [21 ms]
  Ba┼şar─▒l─▒ TrainService.Cad.Tests.Tools.T1800_TrackToolTests.T1803_TrackTool_IlkTik_DokumanaYAZMAZ [< 1 ms]
  Ba┼şar─▒l─▒ TrainService.Cad.Tests.T240_LayerTests.T243_GorunurlukToggle_EventTetikler [1 ms]
  Ba┼şar─▒l─▒ TrainService.Cad.Tests.Tools.T1800_TrackToolTests.T1804_TrackTool_IlkSegment_TekKomut_UcEntity [< 1 ms]
  Ba┼şar─▒l─▒ TrainService.Cad.Tests.T2xx_ClipboardTests.T235_Paste_SegmentReferanslari_YeniIdyeCevrilir_LengthDogru [11 ms]
  Ba┼şar─▒l─▒ TrainService.Cad.Tests.Tools.T260_HybridToolTests.T267_BayatGraf_CommitleReddeder [11 ms]
  Ba┼şar─▒l─▒ TrainService.Cad.Tests.T240_LayerTests.T247_KatmaniOlmayanEntity_GorunurKalir [< 1 ms]
  Ba┼şar─▒l─▒ TrainService.Cad.Tests.Tools.T1800_TrackToolTests.T1805_TrackTool_IlkSegment_Undo_HicYetimKalmaz [< 1 ms]
  Ba┼şar─▒l─▒ TrainService.Cad.Tests.T3xx_SpatialHashTests.T306_SpatialHash_CokHucreyeYayilanEntity [1 ms]
  Ba┼şar─▒l─▒ TrainService.Cad.Tests.Tools.T260_HybridToolTests.T264_Esc_Iptal_HicbirSeyEklenmez [< 1 ms]
  Ba┼şar─▒l─▒ TrainService.Cad.Tests.Tools.T270_SwitchToolTests.T279_ArdArdaYerlestirme_Reentrant [13 ms]
  Ba┼şar─▒l─▒ TrainService.Cad.Tests.Tools.T1800_TrackToolTests.T1809_TrackTool_Esc_CommitliyeDokunmaz [< 1 ms]
  Ba┼şar─▒l─▒ TrainService.Cad.Tests.T240_LayerTests.T240_TrackTool_YeniNode_AktifKatmanZHeightAlir [1 ms]
  Ba┼şar─▒l─▒ TrainService.Cad.Tests.Tools.T260_HybridToolTests.T263_Enter_Commit_TekUndo [< 1 ms]
  Ba┼şar─▒l─▒ TrainService.Cad.Tests.Tools.T1800_TrackToolTests.T1813_TrackTool_Segment_LengthVeLayer [< 1 ms]
  Ba┼şar─▒l─▒ TrainService.Cad.Tests.Tools.T260_HybridToolTests.T261_IkinciTik_SegmentVeStepEklenir [< 1 ms]
  Ba┼şar─▒l─▒ TrainService.Cad.Tests.Tools.T1800_TrackToolTests.T1806_TrackTool_ZincirSegment_IkiEntity [< 1 ms]
  Ba┼şar─▒l─▒ TrainService.Cad.Tests.Tools.T260_HybridToolTests.T266_KomsuOlmayanTik_YokSayilir [< 1 ms]
  Ba┼şar─▒l─▒ TrainService.Cad.Tests.UndoRedoTests.Test5_CompositeCommand_ExecutesInOrder_UndoesInReverseOrder [33 ms]
  Ba┼şar─▒l─▒ TrainService.Cad.Tests.UndoRedoTests.Test7_Capacity2_Stack_Drops_OldestCommand [< 1 ms]
  Ba┼şar─▒l─▒ TrainService.Cad.Tests.T310_FeatureTreeTests.T319b_FeatureTreeViewModel_SelectionSync_TreeToCanvas [28 ms]
  Ba┼şar─▒l─▒ TrainService.Cad.Tests.T3xx_SpatialHashTests.T307_SpatialHash_QueryTahsisYok [8 ms]
  Ba┼şar─▒l─▒ TrainService.Cad.Tests.Tools.T270_SwitchToolTests.T276_Undo_TumSwitchEntityleriSilinir [8 ms]
  Ba┼şar─▒l─▒ TrainService.Cad.Tests.Tools.T1800_TrackToolTests.T1807_TrackTool_ZincirUndoSirasi [7 ms]
  Ba┼şar─▒l─▒ TrainService.Cad.Tests.T3xx_SpatialHashTests.T308_CadDocument_QueryRegion_IndexSenkron [< 1 ms]
  Ba┼şar─▒l─▒ TrainService.Cad.Tests.IsDirtyTests.T1818_IsDirty_Dongusu [< 1 ms]
  Ba┼şar─▒l─▒ TrainService.Cad.Tests.UndoRedoTests.T411_Document_Changed_Removed_BoundsTasir [< 1 ms]
  Ba┼şar─▒l─▒ TrainService.Cad.Tests.T240_LayerTests.T245_TryGetLayer_O1Erisim [8 ms]
  Ba┼şar─▒l─▒ TrainService.Cad.Tests.Tools.T280_RampToolTests.T289_RampTool_Commit_TekUndo [9 ms]
  Ba┼şar─▒l─▒ TrainService.Cad.Tests.Tools.T1800_TrackToolTests.T1810_TrackTool_SagTik_ZinciriBitirir [< 1 ms]
  Ba┼şar─▒l─▒ TrainService.Cad.Tests.Tools.T280_RampToolTests.T294_RampTool_ActivateDeactivate_PreviewSifirlanir [< 1 ms]
  Ba┼şar─▒l─▒ TrainService.Cad.Tests.Tools.T270_SwitchToolTests.T274_RailSwitch_Position_SnappedPointIleEslesir [1 ms]
  Ba┼şar─▒l─▒ TrainService.Cad.Tests.Tools.T280_RampToolTests.T290_RampTool_Escape_PreviewGizlenir [< 1 ms]
  Ba┼şar─▒l─▒ TrainService.Cad.Tests.Tools.T270_SwitchToolTests.T277_Escape_PreviewTemizlenir [< 1 ms]
  Ba┼şar─▒l─▒ TrainService.Cad.Tests.SnapEngineTests.T1709_Engine_OncelikZinciri_KisaDevre [31 ms]
  Ba┼şar─▒l─▒ TrainService.Cad.Tests.Tools.T280_RampToolTests.T291_RampTool_SagTik_YokSayilir [< 1 ms]
  Ba┼şar─▒l─▒ TrainService.Cad.Tests.Tools.T280_SwitchToolTests.T304_SwitchTool_Selection_SonSwitchSecili [24 ms]
  Ba┼şar─▒l─▒ TrainService.Cad.Tests.UndoRedoTests.T409_SelectionService_Set_DoesNotSpamEvent_ForSameSelection [2 ms]
  Ba┼şar─▒l─▒ TrainService.Cad.Tests.Tools.T280_SwitchToolTests.T297_SwitchTool_SolTik_EntitylerOlusur [< 1 ms]
  Ba┼şar─▒l─▒ TrainService.Cad.Tests.Tools.T270_SwitchToolTests.T270_ToolAdi_Switch [10 ms]
  Ba┼şar─▒l─▒ TrainService.Cad.Tests.UndoRedoTests.Test2_Undo_Redo_RoundTrip_EntityCount [9 ms]
  Ba┼şar─▒l─▒ TrainService.Cad.Tests.Tools.T270_SwitchToolTests.T271_PointerMove_PreviewSwitchPlaceOlusur [< 1 ms]
  Ba┼şar─▒l─▒ TrainService.Cad.Tests.UndoRedoTests.Test1_Do_Sets_CanUndoTrue_CanRedoFalse [1 ms]
  Ba┼şar─▒l─▒ TrainService.Cad.Tests.T310_FeatureTreeTests.T313_BuildFeatureTree_ReturnsFiveGroups [15 ms]
  Ba┼şar─▒l─▒ TrainService.Cad.Tests.Tools.T1800_TrackToolTests.T1812_TrackTool_Preview_IsValid [14 ms]
  Ba┼şar─▒l─▒ TrainService.Cad.Tests.Tools.T280_RampToolTests.T293_RampTool_RampProperties [13 ms]
  Ba┼şar─▒l─▒ TrainService.Cad.Tests.Tools.T280_SwitchToolTests.T296_SwitchTool_PointerMove_PreviewOlusur [< 1 ms]
  Ba┼şar─▒l─▒ TrainService.Cad.Tests.Tools.T1800_TrackToolTests.T1808_TrackTool_SifirUzunluk_Reddi [1 ms]
  Ba┼şar─▒l─▒ TrainService.Cad.Tests.Tools.T280_SwitchToolTests.T298_SwitchTool_Commit_TekUndo [< 1 ms]
  Ba┼şar─▒l─▒ TrainService.Cad.Tests.Tools.T280_SwitchToolTests.T303_SwitchTool_ActivateDeactivate_PreviewSifirlanir [< 1 ms]
  Ba┼şar─▒l─▒ TrainService.Cad.Tests.Tools.T280_SwitchToolTests.T300_SwitchTool_SagTik_YokSayilir [< 1 ms]
  Ba┼şar─▒l─▒ TrainService.Cad.Tests.SnapEngineTests.T1708_Engine_Disabled_Returns_None [16 ms]
  Ba┼şar─▒l─▒ TrainService.Cad.Tests.T310_FeatureTreeTests.T316_BuildFeatureTree_Hatlar_ContainsRoutes [3 ms]
  Ba┼şar─▒l─▒ TrainService.Cad.Tests.UndoRedoTests.T416_DebugAddLineCommand_OrphanReference_ShouldNotCrash [5 ms]
  Ba┼şar─▒l─▒ TrainService.Cad.Tests.T310_FeatureTreeTests.T318_BuildFeatureTree_Rampalar_ContainsRamps [< 1 ms]
  Ba┼şar─▒l─▒ TrainService.Cad.Tests.UndoRedoTests.Test4_EmptyStack_UndoRedo_Is_NoOp [< 1 ms]
  Ba┼şar─▒l─▒ TrainService.Cad.Tests.UndoRedoTests.T410_Document_Changed_Added_DirtyRegionDolu [< 1 ms]
  Ba┼şar─▒l─▒ TrainService.Cad.Tests.Tools.T280_SwitchToolTests.T301_SwitchTool_TrackNodePozisyonlari [2 ms]
  Ba┼şar─▒l─▒ TrainService.Cad.Tests.Tools.T280_SwitchToolTests.T299_SwitchTool_Escape_PreviewGizlenir [< 1 ms]
  Ba┼şar─▒l─▒ TrainService.Cad.Tests.Tools.T270_SwitchToolTests.T273_PortNodePozisyonlari_SwitchDefaultsIleUyumlu [10 ms]
  Ba┼şar─▒l─▒ TrainService.Cad.Tests.Tools.T280_RampToolTests.T288_RampTool_SolTik_EntitylerOlusur [8 ms]
  Ba┼şar─▒l─▒ TrainService.Cad.Tests.Tools.T270_SwitchToolTests.T278_Deactivate_PreviewTemizlenir [< 1 ms]
  Ba┼şar─▒l─▒ TrainService.Cad.Tests.UndoRedoTests.T406_CompositeCommand_ThrowsAndRollsBack_OnPartialFailure [3 ms]
  Ba┼şar─▒l─▒ TrainService.Cad.Tests.Tools.T280_SwitchToolTests.T302_SwitchTool_RailSwitchProperties [3 ms]
  Ba┼şar─▒l─▒ TrainService.Cad.Tests.Tools.T270_SwitchToolTests.T272_Tikla_DortEntityOlusur [< 1 ms]
  Ba┼şar─▒l─▒ TrainService.Cad.Tests.Tools.T270_SwitchToolTests.T275_CompositeCommand_TekUndoIleDordunuSiler [< 1 ms]
     Warning:
  Ba┼şar─▒l─▒ TrainService.Cad.Tests.Tools.T280_RampToolTests.T292_RampTool_TrackNodePozisyonlari [1 ms]
  Ba┼şar─▒l─▒      The component "Fluent Assertions" is governed by the rules defined in the Xceed License Agreement and
TrainService.Cad.Tests.Tools.T280_RampToolTests.T287_RampTool_PointerMove_PreviewOlusur [1 ms]
  Ba┼şar─▒l─▒ TrainService.Cad.Tests.CadDocumentTests.T1715_CadDocument_GridSize_InvalidThrows(invalidSize: 0) [27 ms]
     the Xceed Fluent Assertions Community License. You may use Fluent Assertions free of charge for
  Ba┼şar─▒l─▒ TrainService.Cad.Tests.Tools.T280_RampToolTests.T295_RampTool_Selection_SonRampSecili [< 1 ms]
     Warning:
     non-commercial use only. An active subscription is required to use Fluent Assertions for commercial use.
  Ba┼şar─▒l─▒ TrainService.Cad.Tests.CadDocumentTests.T1715_CadDocument_GridSize_InvalidThrows(invalidSize: NaN) [7 ms]
  Ba┼şar─▒l─▒      The component "Fluent Assertions" is governed by the rules defined in the Xceed License Agreement and
     Please contact Xceed Sales mailto:sales@xceed.com to acquire a subscription at a very low cost.
TrainService.Cad.Tests.UndoRedoTests.Test6_SelectionService_PruneMissing_FiresOnce [10 ms]
  Ba┼şar─▒l─▒      the Xceed Fluent Assertions Community License. You may use Fluent Assertions free of charge for
TrainService.Cad.Tests.CadDocumentTests.T1715_CadDocument_GridSize_InvalidThrows(invalidSize: -1) [< 1 ms]
     A paid commercial license supports the development and continued increasing support of
  Ba┼şar─▒l─▒ TrainService.Cad.Tests.CadDocumentTests.T1715_CadDocument_GridSize_InvalidThrows(invalidSize: -ÔêŞ) [< 1 ms]
     Fluent Assertions users under both commercial and community licenses. Help us
     non-commercial use only. An active subscription is required to use Fluent Assertions for commercial use.
  Ba┼şar─▒l─▒ TrainService.Cad.Tests.CadDocumentTests.T1715_CadDocument_GridSize_InvalidThrows(invalidSize: ÔêŞ) [< 1 ms]
     Please contact Xceed Sales mailto:sales@xceed.com to acquire a subscription at a very low cost.
     keep Fluent Assertions at the forefront of unit testing.
  Ba┼şar─▒l─▒ TrainService.Cad.Tests.CadDocumentTests.T1712_CadDocument_GridSize_FiresEvent_OnlyOnRealChange [< 1 ms]
     A paid commercial license supports the development and continued increasing support of
  Ba┼şar─▒l─▒      For more information, visit https://xceed.com/products/unit-testing/fluent-assertions/
TrainService.Cad.Tests.T310_FeatureTreeTests.T311_FeatureTreeItem_PropertyChanged_Fires [37 ms]
  Ba┼şar─▒l─▒      Fluent Assertions users under both commercial and community licenses. Help us
TrainService.Cad.Tests.T310_FeatureTreeTests.T315_BuildFeatureTree_Raylar_ContainsSegments [1 ms]
  Ba┼şar─▒l─▒ TrainService.Cad.Tests.T310_FeatureTreeTests.T319c_FeatureTreeViewModel_RebuildTree_OnDocumentChange [< 1 ms]
     keep Fluent Assertions at the forefront of unit testing.
  Ba┼şar─▒l─▒ TrainService.Cad.Tests.T310_FeatureTreeTests.T314_BuildFeatureTree_Katmanlar_ContainsThreeLayers [< 1 ms]
  Ba┼şar─▒l─▒      For more information, visit https://xceed.com/products/unit-testing/fluent-assertions/
TrainService.Cad.Tests.T310_FeatureTreeTests.T319_FeatureTreeViewModel_SelectionSync_CanvasToTree [1 ms]
  Ba┼şar─▒l─▒ TrainService.Cad.Tests.T310_FeatureTreeTests.T310_FeatureTreeItem_DefaultValues [1 ms]
  Ba┼şar─▒l─▒ TrainService.Cad.Tests.T310_FeatureTreeTests.T317_BuildFeatureTree_Makaslar_ContainsSwitches [10 ms]
  Ba┼şar─▒l─▒ TrainService.Cad.Tests.T2xx_SelectToolTests.T226_Shift_MevcutSecimeEkler [138 ms]
  Ba┼şar─▒l─▒ TrainService.Cad.Tests.T2xx_SelectToolTests.T224_Crossing_SagdanSola_DegenSecilir [< 1 ms]
  Ba┼şar─▒l─▒ TrainService.Cad.Tests.T2xx_SelectToolTests.T222_BoslugaTik_SecimTemizler [27 ms]
  Ba┼şar─▒l─▒ TrainService.Cad.Tests.T2xx_SelectToolTests.T221_TekTik_EnYakinNodeSecer [< 1 ms]
  Ba┼şar─▒l─▒ TrainService.Cad.Tests.T2xx_SelectToolTests.T225_Window_DegenAmaTamIcermeyen_SECILMEZ [< 1 ms]
  Ba┼şar─▒l─▒ TrainService.Cad.Tests.GridSnapProviderTests.T1714_Invariant_SapmaYariHucreyiAsamaz [263 ms]
  Ba┼şar─▒l─▒ TrainService.Cad.Tests.GridSnapProviderTests.T170x_GridYuvarlama(x: 250, y: 250, ex: 300, ey: 300) [< 1 ms]
  Ba┼şar─▒l─▒ TrainService.Cad.Tests.GridSnapProviderTests.T170x_GridYuvarlama(x: 300, y: 400, ex: 300, ey: 400) [< 1 ms]
  Ba┼şar─▒l─▒ TrainService.Cad.Tests.GridSnapProviderTests.T170x_GridYuvarlama(x: 104, y: 197, ex: 100, ey: 200) [< 1 ms]
  Ba┼şar─▒l─▒ TrainService.Cad.Tests.GridSnapProviderTests.T170x_GridYuvarlama(x: -104, y: -197, ex: -100, ey: -200) [< 1 ms]
  Ba┼şar─▒l─▒ TrainService.Cad.Tests.GridSnapProviderTests.T170x_GridYuvarlama(x: 50, y: 50, ex: 100, ey: 100) [< 1 ms]
  Ba┼şar─▒l─▒ TrainService.Cad.Tests.GridSnapProviderTests.T170x_GridYuvarlama(x: 150, y: 150, ex: 200, ey: 200) [< 1 ms]
[xUnit.net 00:00:00.57]   Finished:    TrainService.Cad.Tests
  Ba┼şar─▒l─▒ TrainService.Cad.Tests.GridSnapProviderTests.T170x_GridYuvarlama(x: -50, y: -50, ex: -100, ey: -100) [< 1 ms]
  Ba┼şar─▒l─▒ TrainService.Cad.Tests.GridSnapProviderTests.T1705_GridSnap_FractionalGridSize [< 1 ms]
  Ba┼şar─▒l─▒ TrainService.Cad.Tests.GridSnapProviderTests.T1706_GridSnap_HighPrecision [4 ms]
  Ba┼şar─▒l─▒ TrainService.Cad.Tests.GridSnapProviderTests.T1707_GridSnap_InvalidGridSize_ReturnsNull(invalidSize: 0) [< 1 ms]
  Ba┼şar─▒l─▒ TrainService.Cad.Tests.GridSnapProviderTests.T1707_GridSnap_InvalidGridSize_ReturnsNull(invalidSize: -5) [< 1 ms]
  Ba┼şar─▒l─▒ TrainService.Cad.Tests.GridSnapProviderTests.T1707_GridSnap_InvalidGridSize_ReturnsNull(invalidSize: NaN) [< 1 ms]

Test ├çal─▒┼şt─▒rmas─▒ Ba┼şar─▒l─▒.
Toplam test say─▒s─▒: 146
     Ge├ğti: 146
 Toplam s├╝re: 1,3737 Saniye
  Ba┼şar─▒l─▒ TrainService.App.Tests.T3xx_ViewportTests.T302_ZoomToCursor_ShouldKeepWorldPointInvariant [13 ms]
  Ba┼şar─▒l─▒ TrainService.App.Tests.T320_RadialMenuTests.T323_RadialMenuItem_MultipleItems [45 ms]
  Ba┼şar─▒l─▒ TrainService.App.Tests.T336_T344_FixTests.T340_Clipboard_CanClone_RailSwitch [47 ms]
  Ba┼şar─▒l─▒ TrainService.App.Tests.T320_RadialMenuTests.T326_RadialMenuItem_RecordEquality [1 ms]
  Ba┼şar─▒l─▒ TrainService.App.Tests.T320_RadialMenuTests.T329_RadialMenuItem_DisabledCommandNotInvoked [< 1 ms]
  Ba┼şar─▒l─▒ TrainService.App.Tests.T320_RadialMenuTests.T324_RadialMenuItem_EmptyList [< 1 ms]
  Ba┼şar─▒l─▒ TrainService.App.Tests.T336_T344_FixTests.T339_RestoreEntity_FiresChangedEvent [4 ms]
  Ba┼şar─▒l─▒ TrainService.App.Tests.T320_RadialMenuTests.T320_RadialMenuItem_DefaultValues [11 ms]
  Ba┼şar─▒l─▒ TrainService.App.Tests.T336_T344_FixTests.T336_PasteCommand_IsUndoable [9 ms]
  Ba┼şar─▒l─▒ TrainService.App.Tests.T320_RadialMenuTests.T327_RadialMenuItem_DifferentIcons [1 ms]
  Ba┼şar─▒l─▒ TrainService.App.Tests.T320_RadialMenuTests.T321_RadialMenuItem_Disabled [< 1 ms]
  Ba┼şar─▒l─▒ TrainService.App.Tests.T320_RadialMenuTests.T322_RadialMenuItem_CommandExecutes [< 1 ms]
  Ba┼şar─▒l─▒ TrainService.App.Tests.T336_T344_FixTests.T344_SaveLoad_UsesProjectId [3 ms]
  Ba┼şar─▒l─▒ TrainService.App.Tests.T320_RadialMenuTests.T328_RadialMenuItem_SequentialExecution [1 ms]
  Ba┼şar─▒l─▒ TrainService.App.Tests.T320_RadialMenuTests.T325_RadialMenuItem_NullCommand [< 1 ms]
  Ba┼şar─▒l─▒ TrainService.App.Tests.T336_T344_FixTests.T338_RestoreEntity_SetsIsDirty [< 1 ms]
  Ba┼şar─▒l─▒ TrainService.App.Tests.T336_T344_FixTests.T337_PasteCommand_SetsIsDirty [< 1 ms]
  Ba┼şar─▒l─▒ TrainService.App.Tests.T336_T344_FixTests.T341_Clipboard_CanClone_Ramp [1 ms]
  Ba┼şar─▒l─▒ TrainService.App.Tests.T336_T344_FixTests.T342_Clipboard_CanClone_Route [2 ms]
  Ba┼şar─▒l─▒ TrainService.App.Tests.T336_T344_FixTests.T343_PruneMissing_DoesNotLeakOnMultipleCalls [< 1 ms]
  Ba┼şar─▒l─▒ TrainService.App.Tests.T330_T335_RibbonTests.T334_DeleteCommand_RemovesSelectedEntityAndCanUndo [82 ms]
  Ba┼şar─▒l─▒ TrainService.App.Tests.T330_T335_RibbonTests.T332_RibbonDefinition_HasCorrectTabCount [1 ms]
  Ba┼şar─▒l─▒ TrainService.App.Tests.T330_T335_RibbonTests.T335_CopyThenPaste_DoublesEntityCount [< 1 ms]
  Ba┼şar─▒l─▒ TrainService.App.Tests.T330_T335_RibbonTests.T332_RibbonDefinition_AllCommandNamesExistOnViewModel [2 ms]
  Ba┼şar─▒l─▒ TrainService.App.Tests.T330_T335_RibbonTests.T331_SetTool_UpdatesActiveToolName [1 ms]
  Ba┼şar─▒l─▒ TrainService.App.Tests.T330_T335_RibbonTests.T332_RibbonDefinition_AllIdsAreUnique [< 1 ms]
  Ba┼şar─▒l─▒ TrainService.App.Tests.T330_T335_RibbonTests.T332_RibbonDefinition_HasCorrectQuickAccessCount [< 1 ms]
  Ba┼şar─▒l─▒ TrainService.App.Tests.T330_T335_RibbonTests.T330_Ribbon_AllToolItemsHaveValidCommandParameter [< 1 ms]
  Ba┼şar─▒l─▒ TrainService.App.Tests.T330_T335_RibbonTests.T333_NoDuplicateShortcuts [13 ms]
  Ba┼şar─▒l─▒ TrainService.App.Tests.T7xx_AppTests.T801_AppHost_Olusturulabilir [223 ms]
  Ba┼şar─▒l─▒ TrainService.App.Tests.T7xx_AppTests.T701_LogBus_SingletonOlmali [< 1 ms]
[xUnit.net 00:00:00.65]   Finished:    TrainService.App.Tests
  Ba┼şar─▒l─▒ TrainService.Messaging.Tests.T6xx_MessagingTests.T605_LWT_KabaKopus_OfflineAlgilanir [205 ms]
  Ba┼şar─▒l─▒ TrainService.Messaging.Tests.T6xx_MessagingTests.T602_Loopback_PubSub [12 ms]
  Ba┼şar─▒l─▒ TrainService.Messaging.Tests.T6xx_MessagingTests.T607_610_Hub_QoS_Teslim(qos: 1) [10 ms]
  Ba┼şar─▒l─▒ TrainService.Messaging.Tests.T6xx_MessagingTests.T607_610_Hub_QoS_Teslim(qos: 2) [19 ms]
  Ba┼şar─▒l─▒ TrainService.Messaging.Tests.T6xx_MessagingTests.T607_610_Hub_QoS_Teslim(qos: 0) [3 ms]
  Ba┼şar─▒l─▒ TrainService.Messaging.Tests.T6xx_MessagingTests.T603_TopicContract_SabitlerFormatDogru [3 ms]
  Ba┼şar─▒l─▒ TrainService.Messaging.Tests.T6xx_MessagingTests.T612_DeviceRegistry_LastSeenGuncellenir [148 ms]
  Ba┼şar─▒l─▒ TrainService.Messaging.Tests.T6xx_MessagingTests.T613_DeviceRegistry_LWT_OfflineIsaretler [3 ms]
  Ba┼şar─▒l─▒ TrainService.Messaging.Tests.T6xx_MessagingTests.T611_DeviceRegistry_YeniCihazKaydeder [53 ms]
  Ba┼şar─▒l─▒ TrainService.App.Tests.T7xx_AppTests.T702_LogBus_EventFirlatir [< 1 ms]
  Ba┼şar─▒l─▒ TrainService.App.Tests.T311_SnapEngineDITests.T311_AppXaml_DI_RegisterCheck [228 ms]

Test ├çal─▒┼şt─▒rmas─▒ Ba┼şar─▒l─▒.
Toplam test say─▒s─▒: 33
     Ge├ğti: 33
 Toplam s├╝re: 1,4110 Saniye
  Ba┼şar─▒l─▒ TrainService.Architecture.Tests.T010_KapsamBekcisi.T010_TestSayisi_TabanAltinaDusemez [64 ms]
  Ba┼şar─▒l─▒ TrainService.Architecture.Tests.T011_TrivialTestGuard.T011_TrivialAssertYasak [66 ms]
  Ba┼şar─▒l─▒ TrainService.Architecture.Tests.T0xx_ArchitectureTests.T005_Messaging_DataBagimsiz [159 ms]
  Ba┼şar─▒l─▒ TrainService.Architecture.Tests.T0xx_ArchitectureTests.T004_Cad_WpfTipiIcermez [33 ms]
  Ba┼şar─▒l─▒ TrainService.Architecture.Tests.T0xx_ArchitectureTests.T001_Core_HicbirProjeyeBagimliDegil [12 ms]
  Ba┼şar─▒l─▒ TrainService.Architecture.Tests.T0xx_ArchitectureTests.T002_Cad_SadeceCoreyeBagimli [13 ms]
  Ba┼şar─▒l─▒ TrainService.Architecture.Tests.T0xx_ArchitectureTests.T007_TumEntityler_CadEntityMirasAlir [1 ms]
  Ba┼şar─▒l─▒ TrainService.Architecture.Tests.T0xx_ArchitectureTests.T003_Core_WpfTipiIcermez [9 ms]
  Ba┼şar─▒l─▒ TrainService.Architecture.Tests.T0xx_ArchitectureTests.T008_TumKomutlar_ICadCommandUygular [1 ms]
[xUnit.net 00:00:00.70]   Finished:    TrainService.Architecture.Tests
  Ba┼şar─▒l─▒ TrainService.Architecture.Tests.T0xx_ArchitectureTests.T006_Simulation_IskeletBos [1 ms]

Test ├çal─▒┼şt─▒rmas─▒ Ba┼şar─▒l─▒.
Toplam test say─▒s─▒: 10
     Ge├ğti: 10
 Toplam s├╝re: 1,4003 Saniye
[xUnit.net 00:00:01.30]   Finished:    TrainService.Messaging.Tests
     Warning:
     The component "Fluent Assertions" is governed by the rules defined in the Xceed License Agreement and
     the Xceed Fluent Assertions Community License. You may use Fluent Assertions free of charge for
     non-commercial use only. An active subscription is required to use Fluent Assertions for commercial use.
     Please contact Xceed Sales mailto:sales@xceed.com to acquire a subscription at a very low cost.
     A paid commercial license supports the development and continued increasing support of
     Fluent Assertions users under both commercial and community licenses. Help us
  Ba┼şar─▒l─▒ TrainService.Messaging.Tests.T6xx_MessagingTests.T617_DeviceHealth_DortDurumBirlesimi [1 ms]
     keep Fluent Assertions at the forefront of unit testing.
  Ba┼şar─▒l─▒ TrainService.Messaging.Tests.T6xx_MessagingTests.T615_PingService_BilinenCihazlariPingler [5 ms]
  Ba┼şar─▒l─▒      For more information, visit https://xceed.com/products/unit-testing/fluent-assertions/
TrainService.Messaging.Tests.T6xx_MessagingTests.T604_Payload_JsonRoundTrip_BilinmeyenAlanYokSayilir [85 ms]
  Ba┼şar─▒l─▒ TrainService.Messaging.Tests.T6xx_MessagingTests.T606_Status_Retained_GecBaglananGorur [6 ms]
  Ba┼şar─▒l─▒ TrainService.Messaging.Tests.T6xx_MessagingTests.T616_PingService_Timeout_CokmezSarilir [17 ms]
  Ba┼şar─▒l─▒ TrainService.Messaging.Tests.T6xx_MessagingTests.T614_DeviceRegistry_StatusChangedEvent_TekYayin [375 ms]
  Ba┼şar─▒l─▒ TrainService.Messaging.Tests.T6xx_MessagingTests.T601_Broker_Baslat_Durdur_TekrarBaslat [10 ms]

Test ├çal─▒┼şt─▒rmas─▒ Ba┼şar─▒l─▒.
Toplam test say─▒s─▒: 16
     Ge├ğti: 16
 Toplam s├╝re: 2,0424 Saniye
[xUnit.net 00:00:01.73]   Finished:    TrainService.Core.Tests
  Ba┼şar─▒l─▒ TrainService.Core.Tests.T2xx_TrackGraphTests.T214_Build_Komsuluk_DogruSayiVeReferans [7 ms]
  Ba┼şar─▒l─▒ TrainService.Core.Tests.T2xx_TrackGraphTests.T219_FindBlocks_KapaliHalka_SonsuzDonguYok [5 ms]
  Ba┼şar─▒l─▒ TrainService.Core.Tests.T2xx_TrackGraphTests.T215_FindBlocks_DuzHat_TekBlok [2 ms]
  Ba┼şar─▒l─▒ TrainService.Core.Tests.T2xx_TrackGraphTests.T218_AreAdjacent_OrtakDugum [< 1 ms]
  Ba┼şar─▒l─▒ TrainService.Core.Tests.T2xx_TrackGraphTests.T220_FindBlocks_HerSegmentTamBirBlokta [1 ms]
  Ba┼şar─▒l─▒ TrainService.Core.Tests.DispatchServiceTests.SendCommandAndWaitAckAsync_ShouldReturnFalse_WhenNoAckReceived [249 ms]
  Ba┼şar─▒l─▒ TrainService.Core.Tests.DispatchServiceTests.SendCommandAndWaitAckAsync_ShouldSucceed_WhenAckReceived [109 ms]
  Ba┼şar─▒l─▒ TrainService.Core.Tests.DatabaseTests.Add_And_Delete_Device_ShouldSucceed [1 s]
  Ba┼şar─▒l─▒ TrainService.Core.Tests.DatabaseTests.Add_And_Read_NetworkSwitch_ShouldSucceed [105 ms]

Test ├çal─▒┼şt─▒rmas─▒ Ba┼şar─▒l─▒.
Toplam test say─▒s─▒: 32
     Ge├ğti: 32
 Toplam s├╝re: 2,4258 Saniye
  Ba┼şar─▒l─▒ TrainService.Data.Tests.T5xx_DesignTimeTests.T543_Sema_BeklenenMigrationlariIcerir [1 s]
  Ba┼şar─▒l─▒ TrainService.Data.Tests.T5xx_DesignTimeTests.T541_DesignTimeFactory_ContextKurabilir [1 ms]
  Ba┼şar─▒l─▒ TrainService.Data.Tests.T5xx_DesignTimeTests.T542_DesignTimeFactory_TumMigrationlariTanir [91 ms]
  Ba┼şar─▒l─▒ TrainService.Data.Tests.CrudSmokeTests.Crud_TrackNode_AddReadUpdateDelete [283 ms]
  Ba┼şar─▒l─▒ TrainService.Data.Tests.T5xx_ArteryTests.T505_CascadeDelete_KomsuyaDokunmaz [293 ms]
  Ba┼şar─▒l─▒ TrainService.Data.Tests.CrudSmokeTests.Crud_Project_AddReadUpdateDelete [22 ms]
  Ba┼şar─▒l─▒ TrainService.Data.Tests.T5xx_ArteryTests.T512_TurkceKarakter_RoundTrip [18 ms]
  Ba┼şar─▒l─▒ TrainService.Data.Tests.CrudSmokeTests.Crud_Route_AddReadUpdateDelete [58 ms]
  Ba┼şar─▒l─▒ TrainService.Data.Tests.T561_Ramp_StoreRoundTrip.T561_Ramp_SaveLoad [386 ms]
  Ba┼şar─▒l─▒ TrainService.Data.Tests.T18xx_PersistenceTests.T1816_Save_BaskaProjeninVerisineDokunmaz [386 ms]
  Ba┼şar─▒l─▒ TrainService.Data.Tests.T560_RailSwitch_StoreRoundTrip.T560_RailSwitch_SaveLoad [386 ms]
  Ba┼şar─▒l─▒ TrainService.Data.Tests.T550_Route_SaveLoad_RoundTrip.T550_Route_SaveLoad [387 ms]
  Ba┼şar─▒l─▒ TrainService.Data.Tests.CrudSmokeTests.Crud_Station_AddReadUpdateDelete [38 ms]
  Ba┼şar─▒l─▒ TrainService.Data.Tests.T18xx_PersistenceTests.T1817_IkinciKayit_SatirCogaltmaz [21 ms]
  Ba┼şar─▒l─▒ TrainService.Data.Tests.CrudSmokeTests.Crud_Layer_AddReadUpdateDelete [11 ms]
  Ba┼şar─▒l─▒ TrainService.Data.Tests.T18xx_PersistenceTests.T1815_SaveLoad_TrackRoundTrip [11 ms]
  Ba┼şar─▒l─▒ TrainService.Data.Tests.CrudSmokeTests.Crud_TrackSegment_AddReadUpdateDelete [12 ms]
  Ba┼şar─▒l─▒ TrainService.Data.Tests.CrudSmokeTests.Crud_Ramp_AddReadUpdateDelete [13 ms]
  Ba┼şar─▒l─▒ TrainService.Data.Tests.CrudSmokeTests.Crud_RouteStep_AddReadUpdateDelete [15 ms]
  Ba┼şar─▒l─▒ TrainService.Data.Tests.CrudSmokeTests.Crud_Train_AddReadUpdateDelete [35 ms]
[xUnit.net 00:00:03.31]   Finished:    TrainService.Data.Tests
  Ba┼şar─▒l─▒ TrainService.Data.Tests.CrudSmokeTests.Crud_Switch_AddReadUpdateDelete [12 ms]
  Ba┼şar─▒l─▒ TrainService.Data.Tests.T5xx_ArteryTests.T510_ParalelYazim_LockYok [727 ms]
  Ba┼şar─▒l─▒ TrainService.Data.Tests.T5xx_ArteryTests.T503_WAL_Aktif [2 ms]
  Ba┼şar─▒l─▒ TrainService.Data.Tests.T5xx_ArteryTests.T502_TumTablolar_Mevcut [3 ms]
  Ba┼şar─▒l─▒ TrainService.Data.Tests.T5xx_ArteryTests.T509_EventLogs_HalkaliTemizlik_EnYenilerKalir [278 ms]
  Ba┼şar─▒l─▒ TrainService.Data.Tests.T5xx_ArteryTests.T504_Proje_RoundTrip_Derin [91 ms]

Test ├çal─▒┼şt─▒rmas─▒ Ba┼şar─▒l─▒.
Toplam test say─▒s─▒: 26
     Ge├ğti: 26
 Toplam s├╝re: 4,0910 Saniye
     1>"C:\Users\yoruk\.gemini\antigravity\scratch\TrainService\TrainService.sln" Projesini Olu┼şturma ─░┼şlemi Tamamland─▒ (VSTest hedef).

Olu┼şturma ba┼şar─▒l─▒ oldu.
    0 Uyar─▒
    0 Hata

Ge├ğen S├╝re 00:00:05.81
