<?xml version="1.0" encoding="utf-8"?>
<TestRun id="1296712c-8a56-40aa-89b1-e4cd58cc02e8" name="yoruk@HAKKI 2026-07-16 02:49:14" runUser="HAKKI\yoruk" xmlns="http://microsoft.com/schemas/VisualStudio/TeamTest/2010">
  <Times creation="2026-07-16T02:49:14.1356962+03:00" queuing="2026-07-16T02:49:14.1356972+03:00" start="2026-07-16T02:49:11.2718945+03:00" finish="2026-07-16T02:49:14.5125744+03:00" />
  <TestSettings name="default" id="ce5ef720-15bb-47da-9bf4-a1acaefba367">
    <Deployment runDeploymentRoot="yoruk_HAKKI_2026-07-16_02_49_14" />
  </TestSettings>
  <Results>
    <UnitTestResult executionId="9267f6fc-010a-46ab-a3e4-bbe70274809e" testId="9935daa5-e325-0a97-0fee-0fe7c3ab556c" testName="TrainService.Data.Tests.T5xx_DataTests.T503_Project_Can_Be_Updated" computerName="HAKKI" duration="00:00:00.0000239" startTime="2026-07-16T02:49:14.4061861+03:00" endTime="2026-07-16T02:49:14.4061862+03:00" testType="13cdc9d9-ddb5-4fa4-a97d-d965ccfc6d4b" outcome="Passed" testListId="8c84fa94-04c1-424b-9868-57a2d4851a1d" relativeResultsDirectory="9267f6fc-010a-46ab-a3e4-bbe70274809e" />
    <UnitTestResult executionId="2c7f94d2-9dd2-405a-8443-64d3d247f007" testId="3d6a2549-2fb6-b739-b065-2445055cdfcb" testName="TrainService.Data.Tests.UnitTest1.Test1" computerName="HAKKI" duration="00:00:00.0023160" startTime="2026-07-16T02:49:13.9676888+03:00" endTime="2026-07-16T02:49:13.9677308+03:00" testType="13cdc9d9-ddb5-4fa4-a97d-d965ccfc6d4b" outcome="Passed" testListId="8c84fa94-04c1-424b-9868-57a2d4851a1d" relativeResultsDirectory="2c7f94d2-9dd2-405a-8443-64d3d247f007" />
    <UnitTestResult executionId="b57b4410-bd54-4dec-9872-242496218284" testId="6a4b47d3-e90c-39d9-f655-594c3f7cb893" testName="TrainService.Data.Tests.T5xx_DataTests.T537_Train_Can_Be_Added" computerName="HAKKI" duration="00:00:00.4390642" startTime="2026-07-16T02:49:14.4018410+03:00" endTime="2026-07-16T02:49:14.4018418+03:00" testType="13cdc9d9-ddb5-4fa4-a97d-d965ccfc6d4b" outcome="Passed" testListId="8c84fa94-04c1-424b-9868-57a2d4851a1d" relativeResultsDirectory="b57b4410-bd54-4dec-9872-242496218284" />
    <UnitTestResult executionId="c389e69a-bbff-4739-9f39-ca0eab92018b" testId="6a0ec120-d903-4c17-8f4f-39f020371ea6" testName="TrainService.Data.Tests.T5xx_DataTests.T504_Project_Can_Be_Deleted" computerName="HAKKI" duration="00:00:00.0000279" startTime="2026-07-16T02:49:14.4084404+03:00" endTime="2026-07-16T02:49:14.4084406+03:00" testType="13cdc9d9-ddb5-4fa4-a97d-d965ccfc6d4b" outcome="Passed" testListId="8c84fa94-04c1-424b-9868-57a2d4851a1d" relativeResultsDirectory="c389e69a-bbff-4739-9f39-ca0eab92018b" />
    <UnitTestResult executionId="f6797de5-6939-4783-9181-504857dead02" testId="ffcc1d9d-a6aa-4212-fbca-e5c00b4204b7" testName="TrainService.Data.Tests.T5xx_DataTests.T536_Station_Can_Be_Deleted" computerName="HAKKI" duration="00:00:00.0000226" startTime="2026-07-16T02:49:14.4052200+03:00" endTime="2026-07-16T02:49:14.4052207+03:00" testType="13cdc9d9-ddb5-4fa4-a97d-d965ccfc6d4b" outcome="Passed" testListId="8c84fa94-04c1-424b-9868-57a2d4851a1d" relativeResultsDirectory="f6797de5-6939-4783-9181-504857dead02" />
    <UnitTestResult executionId="4a064918-322b-406e-a22a-087b8df5f54d" testId="7a3c42ba-b5f9-fa27-10f2-47781d995255" testName="TrainService.Data.Tests.T5xx_DataTests.T518_Route_Can_Be_Read" computerName="HAKKI" duration="00:00:00.0000402" startTime="2026-07-16T02:49:14.4075294+03:00" endTime="2026-07-16T02:49:14.4075294+03:00" testType="13cdc9d9-ddb5-4fa4-a97d-d965ccfc6d4b" outcome="Passed" testListId="8c84fa94-04c1-424b-9868-57a2d4851a1d" relativeResultsDirectory="4a064918-322b-406e-a22a-087b8df5f54d" />
    <UnitTestResult executionId="c7c21e08-727f-4a55-85ae-08bd8fa973fd" testId="2819b7b8-c51c-723a-44a3-11e55a2a1966" testName="TrainService.Data.Tests.T5xx_DataTests.T519_Route_Can_Be_Updated" computerName="HAKKI" duration="00:00:00.0000276" startTime="2026-07-16T02:49:14.4051020+03:00" endTime="2026-07-16T02:49:14.4051021+03:00" testType="13cdc9d9-ddb5-4fa4-a97d-d965ccfc6d4b" outcome="Passed" testListId="8c84fa94-04c1-424b-9868-57a2d4851a1d" relativeResultsDirectory="c7c21e08-727f-4a55-85ae-08bd8fa973fd" />
    <UnitTestResult executionId="c7df051b-528d-4dd7-939a-b93f4ec49ef4" testId="953d5628-cefa-a529-29bd-587a6c23bddc" testName="TrainService.Data.Tests.T5xx_DataTests.T513_TrackSegment_Can_Be_Added" computerName="HAKKI" duration="00:00:00.0000273" startTime="2026-07-16T02:49:14.4063438+03:00" endTime="2026-07-16T02:49:14.4063439+03:00" testType="13cdc9d9-ddb5-4fa4-a97d-d965ccfc6d4b" outcome="Passed" testListId="8c84fa94-04c1-424b-9868-57a2d4851a1d" relativeResultsDirectory="c7df051b-528d-4dd7-939a-b93f4ec49ef4" />
    <UnitTestResult executionId="767347d0-894f-4a97-99dc-5d15c0b42de9" testId="875168ca-adb0-b82d-177d-01fc55509302" testName="TrainService.Data.Tests.T5xx_DataTests.T539_Train_Can_Be_Updated" computerName="HAKKI" duration="00:00:00.0000317" startTime="2026-07-16T02:49:14.4027388+03:00" endTime="2026-07-16T02:49:14.4027388+03:00" testType="13cdc9d9-ddb5-4fa4-a97d-d965ccfc6d4b" outcome="Passed" testListId="8c84fa94-04c1-424b-9868-57a2d4851a1d" relativeResultsDirectory="767347d0-894f-4a97-99dc-5d15c0b42de9" />
    <UnitTestResult executionId="884d038f-b643-4e7b-b5a3-86755360876c" testId="9583d00f-e789-f617-16b2-e9f2965b3ce3" testName="TrainService.Data.Tests.T5xx_DataTests.T533_Station_Can_Be_Added" computerName="HAKKI" duration="00:00:00.0000359" startTime="2026-07-16T02:49:14.4026854+03:00" endTime="2026-07-16T02:49:14.4026855+03:00" testType="13cdc9d9-ddb5-4fa4-a97d-d965ccfc6d4b" outcome="Passed" testListId="8c84fa94-04c1-424b-9868-57a2d4851a1d" relativeResultsDirectory="884d038f-b643-4e7b-b5a3-86755360876c" />
    <UnitTestResult executionId="6a56d8ce-41d6-45ad-820f-894fecba68d8" testId="e3bf19ce-56d3-5a48-db06-aa40c9c9ae87" testName="TrainService.Data.Tests.T5xx_DataTests.T538_Train_Can_Be_Read" computerName="HAKKI" duration="00:00:00.0000255" startTime="2026-07-16T02:49:14.4052747+03:00" endTime="2026-07-16T02:49:14.4052748+03:00" testType="13cdc9d9-ddb5-4fa4-a97d-d965ccfc6d4b" outcome="Passed" testListId="8c84fa94-04c1-424b-9868-57a2d4851a1d" relativeResultsDirectory="6a56d8ce-41d6-45ad-820f-894fecba68d8" />
    <UnitTestResult executionId="bd300951-26d7-42ff-926a-65bf3a232108" testId="ec0de270-0fb1-f48e-e2b4-9dc6ea007c53" testName="TrainService.Data.Tests.T5xx_DataTests.T508_Layer_Can_Be_Deleted" computerName="HAKKI" duration="00:00:00.0000232" startTime="2026-07-16T02:49:14.4076843+03:00" endTime="2026-07-16T02:49:14.4076843+03:00" testType="13cdc9d9-ddb5-4fa4-a97d-d965ccfc6d4b" outcome="Passed" testListId="8c84fa94-04c1-424b-9868-57a2d4851a1d" relativeResultsDirectory="bd300951-26d7-42ff-926a-65bf3a232108" />
    <UnitTestResult executionId="b46c3fa1-cffc-48bb-8b70-fba432ae30d4" testId="eaa59819-ccdf-9571-979d-efe99beda499" testName="TrainService.Data.Tests.T5xx_DataTests.T517_Route_Can_Be_Added" computerName="HAKKI" duration="00:00:00.0000297" startTime="2026-07-16T02:49:14.4085702+03:00" endTime="2026-07-16T02:49:14.4085702+03:00" testType="13cdc9d9-ddb5-4fa4-a97d-d965ccfc6d4b" outcome="Passed" testListId="8c84fa94-04c1-424b-9868-57a2d4851a1d" relativeResultsDirectory="b46c3fa1-cffc-48bb-8b70-fba432ae30d4" />
    <UnitTestResult executionId="a82fe7bd-34e6-4469-a10a-347b15278e82" testId="37273b63-760b-62c4-a747-b661e9cd1954" testName="TrainService.Data.Tests.T5xx_DataTests.T524_RouteStep_Can_Be_Deleted" computerName="HAKKI" duration="00:00:00.0000317" startTime="2026-07-16T02:49:14.4063930+03:00" endTime="2026-07-16T02:49:14.4063931+03:00" testType="13cdc9d9-ddb5-4fa4-a97d-d965ccfc6d4b" outcome="Passed" testListId="8c84fa94-04c1-424b-9868-57a2d4851a1d" relativeResultsDirectory="a82fe7bd-34e6-4469-a10a-347b15278e82" />
    <UnitTestResult executionId="40ba7b6f-af9a-4d8e-a235-5bafe3b44b4c" testId="c373cd37-70d7-98bb-780a-d00678ba2c0d" testName="TrainService.Data.Tests.T5xx_DataTests.T521_RouteStep_Can_Be_Added" computerName="HAKKI" duration="00:00:00.0000233" startTime="2026-07-16T02:49:14.4062486+03:00" endTime="2026-07-16T02:49:14.4062487+03:00" testType="13cdc9d9-ddb5-4fa4-a97d-d965ccfc6d4b" outcome="Passed" testListId="8c84fa94-04c1-424b-9868-57a2d4851a1d" relativeResultsDirectory="40ba7b6f-af9a-4d8e-a235-5bafe3b44b4c" />
    <UnitTestResult executionId="6d2dd87d-ec3e-4bfc-b49d-7c8910bdc79a" testId="ccea256b-1db1-0bb8-d19f-d15c278e8821" testName="TrainService.Data.Tests.T5xx_DataTests.T507_Layer_Can_Be_Updated" computerName="HAKKI" duration="00:00:00.0000840" startTime="2026-07-16T02:49:14.4074843+03:00" endTime="2026-07-16T02:49:14.4074843+03:00" testType="13cdc9d9-ddb5-4fa4-a97d-d965ccfc6d4b" outcome="Passed" testListId="8c84fa94-04c1-424b-9868-57a2d4851a1d" relativeResultsDirectory="6d2dd87d-ec3e-4bfc-b49d-7c8910bdc79a" />
    <UnitTestResult executionId="c38308c1-b507-4742-9d97-661c773c8030" testId="5715492f-a083-49b5-c848-9a13f437aec0" testName="TrainService.Data.Tests.T5xx_DataTests.T526_Switch_Can_Be_Read" computerName="HAKKI" duration="00:00:00.0000294" startTime="2026-07-16T02:49:14.4050041+03:00" endTime="2026-07-16T02:49:14.4050041+03:00" testType="13cdc9d9-ddb5-4fa4-a97d-d965ccfc6d4b" outcome="Passed" testListId="8c84fa94-04c1-424b-9868-57a2d4851a1d" relativeResultsDirectory="c38308c1-b507-4742-9d97-661c773c8030" />
    <UnitTestResult executionId="86b2bc14-ec90-414b-a25f-590c9f8f294d" testId="de5178c4-fa25-2089-9b65-f8cc0b7f2c49" testName="TrainService.Data.Tests.T5xx_DataTests.T511_TrackNode_Can_Be_Updated" computerName="HAKKI" duration="00:00:00.0000265" startTime="2026-07-16T02:49:14.4076289+03:00" endTime="2026-07-16T02:49:14.4076290+03:00" testType="13cdc9d9-ddb5-4fa4-a97d-d965ccfc6d4b" outcome="Passed" testListId="8c84fa94-04c1-424b-9868-57a2d4851a1d" relativeResultsDirectory="86b2bc14-ec90-414b-a25f-590c9f8f294d" />
    <UnitTestResult executionId="d8a4f753-63cd-413a-8b4f-a553bc7fec7f" testId="a8b26cfc-b301-fcaa-30d1-f8c7355edf81" testName="TrainService.Data.Tests.T5xx_DataTests.T502_Project_Can_Be_Read" computerName="HAKKI" duration="00:00:00.0000842" startTime="2026-07-16T02:49:14.4024993+03:00" endTime="2026-07-16T02:49:14.4024995+03:00" testType="13cdc9d9-ddb5-4fa4-a97d-d965ccfc6d4b" outcome="Passed" testListId="8c84fa94-04c1-424b-9868-57a2d4851a1d" relativeResultsDirectory="d8a4f753-63cd-413a-8b4f-a553bc7fec7f" />
    <UnitTestResult executionId="b354ef4a-366c-4fd4-8f27-493e1ec0fc31" testId="f99a14ae-8fa3-3634-e88c-55cef8d4f43f" testName="TrainService.Data.Tests.T5xx_DataTests.T515_TrackSegment_Can_Be_Updated" computerName="HAKKI" duration="00:00:00.0000244" startTime="2026-07-16T02:49:14.4072755+03:00" endTime="2026-07-16T02:49:14.4072758+03:00" testType="13cdc9d9-ddb5-4fa4-a97d-d965ccfc6d4b" outcome="Passed" testListId="8c84fa94-04c1-424b-9868-57a2d4851a1d" relativeResultsDirectory="b354ef4a-366c-4fd4-8f27-493e1ec0fc31" />
    <UnitTestResult executionId="4a3bc453-1981-443c-bc33-d5a4d76f2201" testId="4576ae04-775c-4e8f-d228-b5b58f0c7c2a" testName="TrainService.Data.Tests.T5xx_DataTests.T525_Switch_Can_Be_Added" computerName="HAKKI" duration="00:00:00.0000266" startTime="2026-07-16T02:49:14.4027907+03:00" endTime="2026-07-16T02:49:14.4027907+03:00" testType="13cdc9d9-ddb5-4fa4-a97d-d965ccfc6d4b" outcome="Passed" testListId="8c84fa94-04c1-424b-9868-57a2d4851a1d" relativeResultsDirectory="4a3bc453-1981-443c-bc33-d5a4d76f2201" />
    <UnitTestResult executionId="a9ef5309-c54f-4291-9811-23915b02cb65" testId="6b38fd1b-1c2c-88ec-4197-fcf7c9f045ac" testName="TrainService.Data.Tests.T5xx_DataTests.T527_Switch_Can_Be_Updated" computerName="HAKKI" duration="00:00:00.0000274" startTime="2026-07-16T02:49:14.4064461+03:00" endTime="2026-07-16T02:49:14.4064461+03:00" testType="13cdc9d9-ddb5-4fa4-a97d-d965ccfc6d4b" outcome="Passed" testListId="8c84fa94-04c1-424b-9868-57a2d4851a1d" relativeResultsDirectory="a9ef5309-c54f-4291-9811-23915b02cb65" />
    <UnitTestResult executionId="3ecff73e-f766-4eda-9133-4349f2782276" testId="312d8179-c4c6-bbbc-aba6-a609acd97ed7" testName="TrainService.Data.Tests.T5xx_DataTests.T520_Route_Can_Be_Deleted" computerName="HAKKI" duration="00:00:00.0000266" startTime="2026-07-16T02:49:14.4061144+03:00" endTime="2026-07-16T02:49:14.4061145+03:00" testType="13cdc9d9-ddb5-4fa4-a97d-d965ccfc6d4b" outcome="Passed" testListId="8c84fa94-04c1-424b-9868-57a2d4851a1d" relativeResultsDirectory="3ecff73e-f766-4eda-9133-4349f2782276" />
    <UnitTestResult executionId="03210fc6-124f-4d1f-8e1a-faa1c0b4fe37" testId="6df86df4-5e1a-d67d-9035-6456a2b6ff38" testName="TrainService.Data.Tests.T5xx_DataTests.T522_RouteStep_Can_Be_Read" computerName="HAKKI" duration="00:00:00.0000263" startTime="2026-07-16T02:49:14.4028355+03:00" endTime="2026-07-16T02:49:14.4028355+03:00" testType="13cdc9d9-ddb5-4fa4-a97d-d965ccfc6d4b" outcome="Passed" testListId="8c84fa94-04c1-424b-9868-57a2d4851a1d" relativeResultsDirectory="03210fc6-124f-4d1f-8e1a-faa1c0b4fe37" />
    <UnitTestResult executionId="de062199-a9f9-4808-b865-c3344c536448" testId="33c2359d-6f58-4a9a-38e8-554ea65e779e" testName="TrainService.Data.Tests.T5xx_DataTests.T523_RouteStep_Can_Be_Updated" computerName="HAKKI" duration="00:00:00.0000265" startTime="2026-07-16T02:49:14.4049372+03:00" endTime="2026-07-16T02:49:14.4049374+03:00" testType="13cdc9d9-ddb5-4fa4-a97d-d965ccfc6d4b" outcome="Passed" testListId="8c84fa94-04c1-424b-9868-57a2d4851a1d" relativeResultsDirectory="de062199-a9f9-4808-b865-c3344c536448" />
    <UnitTestResult executionId="74748c2f-f8a4-43b4-a63c-84d2cb95c685" testId="471719c9-5262-72b4-27a1-0bbfaa92c6bf" testName="TrainService.Data.Tests.T5xx_DataTests.T540_Train_Can_Be_Deleted" computerName="HAKKI" duration="00:00:00.0000370" startTime="2026-07-16T02:49:14.4053245+03:00" endTime="2026-07-16T02:49:14.4053246+03:00" testType="13cdc9d9-ddb5-4fa4-a97d-d965ccfc6d4b" outcome="Passed" testListId="8c84fa94-04c1-424b-9868-57a2d4851a1d" relativeResultsDirectory="74748c2f-f8a4-43b4-a63c-84d2cb95c685" />
    <UnitTestResult executionId="50222633-b190-456b-8ccd-eae0cc03f7a8" testId="a40c54e8-a6b9-8492-9622-b43822bd4ee0" testName="TrainService.Data.Tests.T5xx_DataTests.T509_TrackNode_Can_Be_Added" computerName="HAKKI" duration="00:00:00.0000263" startTime="2026-07-16T02:49:14.4053774+03:00" endTime="2026-07-16T02:49:14.4053774+03:00" testType="13cdc9d9-ddb5-4fa4-a97d-d965ccfc6d4b" outcome="Passed" testListId="8c84fa94-04c1-424b-9868-57a2d4851a1d" relativeResultsDirectory="50222633-b190-456b-8ccd-eae0cc03f7a8" />
    <UnitTestResult executionId="0321a36d-3d31-49ed-a1eb-9879294edcb0" testId="602ac21f-2bbd-9a05-ade5-0d5a09166424" testName="TrainService.Data.Tests.T5xx_DataTests.T505_Layer_Can_Be_Added" computerName="HAKKI" duration="00:00:00.0000218" startTime="2026-07-16T02:49:14.4086207+03:00" endTime="2026-07-16T02:49:14.4086208+03:00" testType="13cdc9d9-ddb5-4fa4-a97d-d965ccfc6d4b" outcome="Passed" testListId="8c84fa94-04c1-424b-9868-57a2d4851a1d" relativeResultsDirectory="0321a36d-3d31-49ed-a1eb-9879294edcb0" />
    <UnitTestResult executionId="41c4c52f-60e6-475f-8f25-6dc8f6282422" testId="0fb42d3e-f44d-5f57-87c5-6f6e808aecdd" testName="TrainService.Data.Tests.T5xx_DataTests.T512_TrackNode_Can_Be_Deleted" computerName="HAKKI" duration="00:00:00.0000271" startTime="2026-07-16T02:49:14.4062977+03:00" endTime="2026-07-16T02:49:14.4062978+03:00" testType="13cdc9d9-ddb5-4fa4-a97d-d965ccfc6d4b" outcome="Passed" testListId="8c84fa94-04c1-424b-9868-57a2d4851a1d" relativeResultsDirectory="41c4c52f-60e6-475f-8f25-6dc8f6282422" />
    <UnitTestResult executionId="adf32e40-e9a4-472c-9704-bf769bc0c9eb" testId="2c2f12fe-d2a3-592a-2a85-f556bf946049" testName="TrainService.Data.Tests.T5xx_DataTests.T529_Ramp_Can_Be_Added" computerName="HAKKI" duration="00:00:00.0000219" startTime="2026-07-16T02:49:14.4085139+03:00" endTime="2026-07-16T02:49:14.4085140+03:00" testType="13cdc9d9-ddb5-4fa4-a97d-d965ccfc6d4b" outcome="Passed" testListId="8c84fa94-04c1-424b-9868-57a2d4851a1d" relativeResultsDirectory="adf32e40-e9a4-472c-9704-bf769bc0c9eb" />
    <UnitTestResult executionId="a18cb3ee-b99b-44fb-adf0-500ccbd5a583" testId="bf6e05cd-69ad-212d-7cb8-586c28b689b5" testName="TrainService.Data.Tests.T5xx_DataTests.T532_Ramp_Can_Be_Deleted" computerName="HAKKI" duration="00:00:00.0000528" startTime="2026-07-16T02:49:14.4025693+03:00" endTime="2026-07-16T02:49:14.4025694+03:00" testType="13cdc9d9-ddb5-4fa4-a97d-d965ccfc6d4b" outcome="Passed" testListId="8c84fa94-04c1-424b-9868-57a2d4851a1d" relativeResultsDirectory="a18cb3ee-b99b-44fb-adf0-500ccbd5a583" />
    <UnitTestResult executionId="f7e0d4de-7add-4d5c-823a-5bb950179646" testId="0feca816-9402-9bdd-8a70-4c70b627aa34" testName="TrainService.Data.Tests.T5xx_DataTests.T531_Ramp_Can_Be_Updated" computerName="HAKKI" duration="00:00:00.0000262" startTime="2026-07-16T02:49:14.4064947+03:00" endTime="2026-07-16T02:49:14.4064948+03:00" testType="13cdc9d9-ddb5-4fa4-a97d-d965ccfc6d4b" outcome="Passed" testListId="8c84fa94-04c1-424b-9868-57a2d4851a1d" relativeResultsDirectory="f7e0d4de-7add-4d5c-823a-5bb950179646" />
    <UnitTestResult executionId="9bd9a738-73bf-4f7c-9fc2-cd578bc9caa6" testId="cdf14925-4d67-afd4-70d1-ead7c3b699f4" testName="TrainService.Data.Tests.T5xx_DataTests.T528_Switch_Can_Be_Deleted" computerName="HAKKI" duration="00:00:00.0000230" startTime="2026-07-16T02:49:14.4077309+03:00" endTime="2026-07-16T02:49:14.4077310+03:00" testType="13cdc9d9-ddb5-4fa4-a97d-d965ccfc6d4b" outcome="Passed" testListId="8c84fa94-04c1-424b-9868-57a2d4851a1d" relativeResultsDirectory="9bd9a738-73bf-4f7c-9fc2-cd578bc9caa6" />
    <UnitTestResult executionId="40dfb2bb-475a-42f8-aa0b-5e70bba86b26" testId="e270e429-c191-bfa7-c2e7-383291abda0c" testName="TrainService.Data.Tests.T5xx_DataTests.T534_Station_Can_Be_Read" computerName="HAKKI" duration="00:00:00.0000282" startTime="2026-07-16T02:49:14.4075752+03:00" endTime="2026-07-16T02:49:14.4075753+03:00" testType="13cdc9d9-ddb5-4fa4-a97d-d965ccfc6d4b" outcome="Passed" testListId="8c84fa94-04c1-424b-9868-57a2d4851a1d" relativeResultsDirectory="40dfb2bb-475a-42f8-aa0b-5e70bba86b26" />
    <UnitTestResult executionId="20a1c91c-b8f2-4c41-9795-ff7d06107052" testId="4f5b1429-e4d0-85f5-d448-962cd1b6adc7" testName="TrainService.Data.Tests.T5xx_DataTests.T501_Project_Can_Be_Added" computerName="HAKKI" duration="00:00:00.0000263" startTime="2026-07-16T02:49:14.4073528+03:00" endTime="2026-07-16T02:49:14.4073529+03:00" testType="13cdc9d9-ddb5-4fa4-a97d-d965ccfc6d4b" outcome="Passed" testListId="8c84fa94-04c1-424b-9868-57a2d4851a1d" relativeResultsDirectory="20a1c91c-b8f2-4c41-9795-ff7d06107052" />
    <UnitTestResult executionId="43cd2fd1-77ac-4fac-bbd9-fc453da384c5" testId="c0feac45-f3b4-a31b-f841-129ad0b44ceb" testName="TrainService.Data.Tests.T5xx_DataTests.T535_Station_Can_Be_Updated" computerName="HAKKI" duration="00:00:00.0000262" startTime="2026-07-16T02:49:14.4050548+03:00" endTime="2026-07-16T02:49:14.4050549+03:00" testType="13cdc9d9-ddb5-4fa4-a97d-d965ccfc6d4b" outcome="Passed" testListId="8c84fa94-04c1-424b-9868-57a2d4851a1d" relativeResultsDirectory="43cd2fd1-77ac-4fac-bbd9-fc453da384c5" />
    <UnitTestResult executionId="17a13fd0-ce08-4f20-8454-7412991cc1ac" testId="27414e33-5fbb-4d5b-6798-1b0eeafa1aaf" testName="TrainService.Data.Tests.T5xx_DataTests.T510_TrackNode_Can_Be_Read" computerName="HAKKI" duration="00:00:00.0000890" startTime="2026-07-16T02:49:14.4074172+03:00" endTime="2026-07-16T02:49:14.4074180+03:00" testType="13cdc9d9-ddb5-4fa4-a97d-d965ccfc6d4b" outcome="Passed" testListId="8c84fa94-04c1-424b-9868-57a2d4851a1d" relativeResultsDirectory="17a13fd0-ce08-4f20-8454-7412991cc1ac" />
    <UnitTestResult executionId="ea669156-b65d-4c81-9a33-19a666e31949" testId="1189260d-4d33-fd2a-a7db-7638eb5d59d1" testName="TrainService.Data.Tests.T5xx_DataTests.T530_Ramp_Can_Be_Read" computerName="HAKKI" duration="00:00:00.0000398" startTime="2026-07-16T02:49:14.4026219+03:00" endTime="2026-07-16T02:49:14.4026220+03:00" testType="13cdc9d9-ddb5-4fa4-a97d-d965ccfc6d4b" outcome="Passed" testListId="8c84fa94-04c1-424b-9868-57a2d4851a1d" relativeResultsDirectory="ea669156-b65d-4c81-9a33-19a666e31949" />
    <UnitTestResult executionId="78e1af75-151e-4298-b942-d2ada926df0d" testId="ff7203c9-87c0-4e4c-bf36-7cadf3566c7e" testName="TrainService.Data.Tests.T5xx_DataTests.T514_TrackSegment_Can_Be_Read" computerName="HAKKI" duration="00:00:00.0000218" startTime="2026-07-16T02:49:14.4051646+03:00" endTime="2026-07-16T02:49:14.4051647+03:00" testType="13cdc9d9-ddb5-4fa4-a97d-d965ccfc6d4b" outcome="Passed" testListId="8c84fa94-04c1-424b-9868-57a2d4851a1d" relativeResultsDirectory="78e1af75-151e-4298-b942-d2ada926df0d" />
    <UnitTestResult executionId="2d168b55-d9f5-441d-9e9b-e1cc7915b7c3" testId="0b3f723c-f42d-184c-e36c-db918aea92f4" testName="TrainService.Data.Tests.T5xx_DataTests.T516_TrackSegment_Can_Be_Deleted" computerName="HAKKI" duration="00:00:00.0000280" startTime="2026-07-16T02:49:14.4028882+03:00" endTime="2026-07-16T02:49:14.4028883+03:00" testType="13cdc9d9-ddb5-4fa4-a97d-d965ccfc6d4b" outcome="Passed" testListId="8c84fa94-04c1-424b-9868-57a2d4851a1d" relativeResultsDirectory="2d168b55-d9f5-441d-9e9b-e1cc7915b7c3" />
    <UnitTestResult executionId="82fc3637-71f9-4aea-9bc0-43a9944af095" testId="2948d9d5-2817-2ac9-c356-72546860a3ff" testName="TrainService.Data.Tests.T5xx_DataTests.T506_Layer_Can_Be_Read" computerName="HAKKI" duration="00:00:00.0000249" startTime="2026-07-16T02:49:14.4065392+03:00" endTime="2026-07-16T02:49:14.4065393+03:00" testType="13cdc9d9-ddb5-4fa4-a97d-d965ccfc6d4b" outcome="Passed" testListId="8c84fa94-04c1-424b-9868-57a2d4851a1d" relativeResultsDirectory="82fc3637-71f9-4aea-9bc0-43a9944af095" />
  </Results>
  <TestDefinitions>
    <UnitTest name="TrainService.Data.Tests.T5xx_DataTests.T507_Layer_Can_Be_Updated" storage="c:\users\yoruk\.gemini\antigravity\scratch\trainservice\tests\trainservice.data.tests\bin\debug\net8.0\trainservice.data.tests.dll" id="ccea256b-1db1-0bb8-d19f-d15c278e8821">
      <Execution id="6d2dd87d-ec3e-4bfc-b49d-7c8910bdc79a" />
      <TestMethod codeBase="C:\Users\yoruk\.gemini\antigravity\scratch\TrainService\tests\TrainService.Data.Tests\bin\Debug\net8.0\TrainService.Data.Tests.dll" adapterTypeName="executor://xunit/VsTestRunner2/netcoreapp" className="TrainService.Data.Tests.T5xx_DataTests" name="T507_Layer_Can_Be_Updated" />
    </UnitTest>
    <UnitTest name="TrainService.Data.Tests.T5xx_DataTests.T502_Project_Can_Be_Read" storage="c:\users\yoruk\.gemini\antigravity\scratch\trainservice\tests\trainservice.data.tests\bin\debug\net8.0\trainservice.data.tests.dll" id="a8b26cfc-b301-fcaa-30d1-f8c7355edf81">
      <Execution id="d8a4f753-63cd-413a-8b4f-a553bc7fec7f" />
      <TestMethod codeBase="C:\Users\yoruk\.gemini\antigravity\scratch\TrainService\tests\TrainService.Data.Tests\bin\Debug\net8.0\TrainService.Data.Tests.dll" adapterTypeName="executor://xunit/VsTestRunner2/netcoreapp" className="TrainService.Data.Tests.T5xx_DataTests" name="T502_Project_Can_Be_Read" />
    </UnitTest>
    <UnitTest name="TrainService.Data.Tests.T5xx_DataTests.T530_Ramp_Can_Be_Read" storage="c:\users\yoruk\.gemini\antigravity\scratch\trainservice\tests\trainservice.data.tests\bin\debug\net8.0\trainservice.data.tests.dll" id="1189260d-4d33-fd2a-a7db-7638eb5d59d1">
      <Execution id="ea669156-b65d-4c81-9a33-19a666e31949" />
      <TestMethod codeBase="C:\Users\yoruk\.gemini\antigravity\scratch\TrainService\tests\TrainService.Data.Tests\bin\Debug\net8.0\TrainService.Data.Tests.dll" adapterTypeName="executor://xunit/VsTestRunner2/netcoreapp" className="TrainService.Data.Tests.T5xx_DataTests" name="T530_Ramp_Can_Be_Read" />
    </UnitTest>
    <UnitTest name="TrainService.Data.Tests.T5xx_DataTests.T505_Layer_Can_Be_Added" storage="c:\users\yoruk\.gemini\antigravity\scratch\trainservice\tests\trainservice.data.tests\bin\debug\net8.0\trainservice.data.tests.dll" id="602ac21f-2bbd-9a05-ade5-0d5a09166424">
      <Execution id="0321a36d-3d31-49ed-a1eb-9879294edcb0" />
      <TestMethod codeBase="C:\Users\yoruk\.gemini\antigravity\scratch\TrainService\tests\TrainService.Data.Tests\bin\Debug\net8.0\TrainService.Data.Tests.dll" adapterTypeName="executor://xunit/VsTestRunner2/netcoreapp" className="TrainService.Data.Tests.T5xx_DataTests" name="T505_Layer_Can_Be_Added" />
    </UnitTest>
    <UnitTest name="TrainService.Data.Tests.T5xx_DataTests.T540_Train_Can_Be_Deleted" storage="c:\users\yoruk\.gemini\antigravity\scratch\trainservice\tests\trainservice.data.tests\bin\debug\net8.0\trainservice.data.tests.dll" id="471719c9-5262-72b4-27a1-0bbfaa92c6bf">
      <Execution id="74748c2f-f8a4-43b4-a63c-84d2cb95c685" />
      <TestMethod codeBase="C:\Users\yoruk\.gemini\antigravity\scratch\TrainService\tests\TrainService.Data.Tests\bin\Debug\net8.0\TrainService.Data.Tests.dll" adapterTypeName="executor://xunit/VsTestRunner2/netcoreapp" className="TrainService.Data.Tests.T5xx_DataTests" name="T540_Train_Can_Be_Deleted" />
    </UnitTest>
    <UnitTest name="TrainService.Data.Tests.T5xx_DataTests.T526_Switch_Can_Be_Read" storage="c:\users\yoruk\.gemini\antigravity\scratch\trainservice\tests\trainservice.data.tests\bin\debug\net8.0\trainservice.data.tests.dll" id="5715492f-a083-49b5-c848-9a13f437aec0">
      <Execution id="c38308c1-b507-4742-9d97-661c773c8030" />
      <TestMethod codeBase="C:\Users\yoruk\.gemini\antigravity\scratch\TrainService\tests\TrainService.Data.Tests\bin\Debug\net8.0\TrainService.Data.Tests.dll" adapterTypeName="executor://xunit/VsTestRunner2/netcoreapp" className="TrainService.Data.Tests.T5xx_DataTests" name="T526_Switch_Can_Be_Read" />
    </UnitTest>
    <UnitTest name="TrainService.Data.Tests.T5xx_DataTests.T539_Train_Can_Be_Updated" storage="c:\users\yoruk\.gemini\antigravity\scratch\trainservice\tests\trainservice.data.tests\bin\debug\net8.0\trainservice.data.tests.dll" id="875168ca-adb0-b82d-177d-01fc55509302">
      <Execution id="767347d0-894f-4a97-99dc-5d15c0b42de9" />
      <TestMethod codeBase="C:\Users\yoruk\.gemini\antigravity\scratch\TrainService\tests\TrainService.Data.Tests\bin\Debug\net8.0\TrainService.Data.Tests.dll" adapterTypeName="executor://xunit/VsTestRunner2/netcoreapp" className="TrainService.Data.Tests.T5xx_DataTests" name="T539_Train_Can_Be_Updated" />
    </UnitTest>
    <UnitTest name="TrainService.Data.Tests.T5xx_DataTests.T528_Switch_Can_Be_Deleted" storage="c:\users\yoruk\.gemini\antigravity\scratch\trainservice\tests\trainservice.data.tests\bin\debug\net8.0\trainservice.data.tests.dll" id="cdf14925-4d67-afd4-70d1-ead7c3b699f4">
      <Execution id="9bd9a738-73bf-4f7c-9fc2-cd578bc9caa6" />
      <TestMethod codeBase="C:\Users\yoruk\.gemini\antigravity\scratch\TrainService\tests\TrainService.Data.Tests\bin\Debug\net8.0\TrainService.Data.Tests.dll" adapterTypeName="executor://xunit/VsTestRunner2/netcoreapp" className="TrainService.Data.Tests.T5xx_DataTests" name="T528_Switch_Can_Be_Deleted" />
    </UnitTest>
    <UnitTest name="TrainService.Data.Tests.T5xx_DataTests.T536_Station_Can_Be_Deleted" storage="c:\users\yoruk\.gemini\antigravity\scratch\trainservice\tests\trainservice.data.tests\bin\debug\net8.0\trainservice.data.tests.dll" id="ffcc1d9d-a6aa-4212-fbca-e5c00b4204b7">
      <Execution id="f6797de5-6939-4783-9181-504857dead02" />
      <TestMethod codeBase="C:\Users\yoruk\.gemini\antigravity\scratch\TrainService\tests\TrainService.Data.Tests\bin\Debug\net8.0\TrainService.Data.Tests.dll" adapterTypeName="executor://xunit/VsTestRunner2/netcoreapp" className="TrainService.Data.Tests.T5xx_DataTests" name="T536_Station_Can_Be_Deleted" />
    </UnitTest>
    <UnitTest name="TrainService.Data.Tests.T5xx_DataTests.T531_Ramp_Can_Be_Updated" storage="c:\users\yoruk\.gemini\antigravity\scratch\trainservice\tests\trainservice.data.tests\bin\debug\net8.0\trainservice.data.tests.dll" id="0feca816-9402-9bdd-8a70-4c70b627aa34">
      <Execution id="f7e0d4de-7add-4d5c-823a-5bb950179646" />
      <TestMethod codeBase="C:\Users\yoruk\.gemini\antigravity\scratch\TrainService\tests\TrainService.Data.Tests\bin\Debug\net8.0\TrainService.Data.Tests.dll" adapterTypeName="executor://xunit/VsTestRunner2/netcoreapp" className="TrainService.Data.Tests.T5xx_DataTests" name="T531_Ramp_Can_Be_Updated" />
    </UnitTest>
    <UnitTest name="TrainService.Data.Tests.T5xx_DataTests.T527_Switch_Can_Be_Updated" storage="c:\users\yoruk\.gemini\antigravity\scratch\trainservice\tests\trainservice.data.tests\bin\debug\net8.0\trainservice.data.tests.dll" id="6b38fd1b-1c2c-88ec-4197-fcf7c9f045ac">
      <Execution id="a9ef5309-c54f-4291-9811-23915b02cb65" />
      <TestMethod codeBase="C:\Users\yoruk\.gemini\antigravity\scratch\TrainService\tests\TrainService.Data.Tests\bin\Debug\net8.0\TrainService.Data.Tests.dll" adapterTypeName="executor://xunit/VsTestRunner2/netcoreapp" className="TrainService.Data.Tests.T5xx_DataTests" name="T527_Switch_Can_Be_Updated" />
    </UnitTest>
    <UnitTest name="TrainService.Data.Tests.T5xx_DataTests.T537_Train_Can_Be_Added" storage="c:\users\yoruk\.gemini\antigravity\scratch\trainservice\tests\trainservice.data.tests\bin\debug\net8.0\trainservice.data.tests.dll" id="6a4b47d3-e90c-39d9-f655-594c3f7cb893">
      <Execution id="b57b4410-bd54-4dec-9872-242496218284" />
      <TestMethod codeBase="C:\Users\yoruk\.gemini\antigravity\scratch\TrainService\tests\TrainService.Data.Tests\bin\Debug\net8.0\TrainService.Data.Tests.dll" adapterTypeName="executor://xunit/VsTestRunner2/netcoreapp" className="TrainService.Data.Tests.T5xx_DataTests" name="T537_Train_Can_Be_Added" />
    </UnitTest>
    <UnitTest name="TrainService.Data.Tests.T5xx_DataTests.T506_Layer_Can_Be_Read" storage="c:\users\yoruk\.gemini\antigravity\scratch\trainservice\tests\trainservice.data.tests\bin\debug\net8.0\trainservice.data.tests.dll" id="2948d9d5-2817-2ac9-c356-72546860a3ff">
      <Execution id="82fc3637-71f9-4aea-9bc0-43a9944af095" />
      <TestMethod codeBase="C:\Users\yoruk\.gemini\antigravity\scratch\TrainService\tests\TrainService.Data.Tests\bin\Debug\net8.0\TrainService.Data.Tests.dll" adapterTypeName="executor://xunit/VsTestRunner2/netcoreapp" className="TrainService.Data.Tests.T5xx_DataTests" name="T506_Layer_Can_Be_Read" />
    </UnitTest>
    <UnitTest name="TrainService.Data.Tests.T5xx_DataTests.T532_Ramp_Can_Be_Deleted" storage="c:\users\yoruk\.gemini\antigravity\scratch\trainservice\tests\trainservice.data.tests\bin\debug\net8.0\trainservice.data.tests.dll" id="bf6e05cd-69ad-212d-7cb8-586c28b689b5">
      <Execution id="a18cb3ee-b99b-44fb-adf0-500ccbd5a583" />
      <TestMethod codeBase="C:\Users\yoruk\.gemini\antigravity\scratch\TrainService\tests\TrainService.Data.Tests\bin\Debug\net8.0\TrainService.Data.Tests.dll" adapterTypeName="executor://xunit/VsTestRunner2/netcoreapp" className="TrainService.Data.Tests.T5xx_DataTests" name="T532_Ramp_Can_Be_Deleted" />
    </UnitTest>
    <UnitTest name="TrainService.Data.Tests.T5xx_DataTests.T517_Route_Can_Be_Added" storage="c:\users\yoruk\.gemini\antigravity\scratch\trainservice\tests\trainservice.data.tests\bin\debug\net8.0\trainservice.data.tests.dll" id="eaa59819-ccdf-9571-979d-efe99beda499">
      <Execution id="b46c3fa1-cffc-48bb-8b70-fba432ae30d4" />
      <TestMethod codeBase="C:\Users\yoruk\.gemini\antigravity\scratch\TrainService\tests\TrainService.Data.Tests\bin\Debug\net8.0\TrainService.Data.Tests.dll" adapterTypeName="executor://xunit/VsTestRunner2/netcoreapp" className="TrainService.Data.Tests.T5xx_DataTests" name="T517_Route_Can_Be_Added" />
    </UnitTest>
    <UnitTest name="TrainService.Data.Tests.UnitTest1.Test1" storage="c:\users\yoruk\.gemini\antigravity\scratch\trainservice\tests\trainservice.data.tests\bin\debug\net8.0\trainservice.data.tests.dll" id="3d6a2549-2fb6-b739-b065-2445055cdfcb">
      <Execution id="2c7f94d2-9dd2-405a-8443-64d3d247f007" />
      <TestMethod codeBase="C:\Users\yoruk\.gemini\antigravity\scratch\TrainService\tests\TrainService.Data.Tests\bin\Debug\net8.0\TrainService.Data.Tests.dll" adapterTypeName="executor://xunit/VsTestRunner2/netcoreapp" className="TrainService.Data.Tests.UnitTest1" name="Test1" />
    </UnitTest>
    <UnitTest name="TrainService.Data.Tests.T5xx_DataTests.T516_TrackSegment_Can_Be_Deleted" storage="c:\users\yoruk\.gemini\antigravity\scratch\trainservice\tests\trainservice.data.tests\bin\debug\net8.0\trainservice.data.tests.dll" id="0b3f723c-f42d-184c-e36c-db918aea92f4">
      <Execution id="2d168b55-d9f5-441d-9e9b-e1cc7915b7c3" />
      <TestMethod codeBase="C:\Users\yoruk\.gemini\antigravity\scratch\TrainService\tests\TrainService.Data.Tests\bin\Debug\net8.0\TrainService.Data.Tests.dll" adapterTypeName="executor://xunit/VsTestRunner2/netcoreapp" className="TrainService.Data.Tests.T5xx_DataTests" name="T516_TrackSegment_Can_Be_Deleted" />
    </UnitTest>
    <UnitTest name="TrainService.Data.Tests.T5xx_DataTests.T538_Train_Can_Be_Read" storage="c:\users\yoruk\.gemini\antigravity\scratch\trainservice\tests\trainservice.data.tests\bin\debug\net8.0\trainservice.data.tests.dll" id="e3bf19ce-56d3-5a48-db06-aa40c9c9ae87">
      <Execution id="6a56d8ce-41d6-45ad-820f-894fecba68d8" />
      <TestMethod codeBase="C:\Users\yoruk\.gemini\antigravity\scratch\TrainService\tests\TrainService.Data.Tests\bin\Debug\net8.0\TrainService.Data.Tests.dll" adapterTypeName="executor://xunit/VsTestRunner2/netcoreapp" className="TrainService.Data.Tests.T5xx_DataTests" name="T538_Train_Can_Be_Read" />
    </UnitTest>
    <UnitTest name="TrainService.Data.Tests.T5xx_DataTests.T522_RouteStep_Can_Be_Read" storage="c:\users\yoruk\.gemini\antigravity\scratch\trainservice\tests\trainservice.data.tests\bin\debug\net8.0\trainservice.data.tests.dll" id="6df86df4-5e1a-d67d-9035-6456a2b6ff38">
      <Execution id="03210fc6-124f-4d1f-8e1a-faa1c0b4fe37" />
      <TestMethod codeBase="C:\Users\yoruk\.gemini\antigravity\scratch\TrainService\tests\TrainService.Data.Tests\bin\Debug\net8.0\TrainService.Data.Tests.dll" adapterTypeName="executor://xunit/VsTestRunner2/netcoreapp" className="TrainService.Data.Tests.T5xx_DataTests" name="T522_RouteStep_Can_Be_Read" />
    </UnitTest>
    <UnitTest name="TrainService.Data.Tests.T5xx_DataTests.T503_Project_Can_Be_Updated" storage="c:\users\yoruk\.gemini\antigravity\scratch\trainservice\tests\trainservice.data.tests\bin\debug\net8.0\trainservice.data.tests.dll" id="9935daa5-e325-0a97-0fee-0fe7c3ab556c">
      <Execution id="9267f6fc-010a-46ab-a3e4-bbe70274809e" />
      <TestMethod codeBase="C:\Users\yoruk\.gemini\antigravity\scratch\TrainService\tests\TrainService.Data.Tests\bin\Debug\net8.0\TrainService.Data.Tests.dll" adapterTypeName="executor://xunit/VsTestRunner2/netcoreapp" className="TrainService.Data.Tests.T5xx_DataTests" name="T503_Project_Can_Be_Updated" />
    </UnitTest>
    <UnitTest name="TrainService.Data.Tests.T5xx_DataTests.T508_Layer_Can_Be_Deleted" storage="c:\users\yoruk\.gemini\antigravity\scratch\trainservice\tests\trainservice.data.tests\bin\debug\net8.0\trainservice.data.tests.dll" id="ec0de270-0fb1-f48e-e2b4-9dc6ea007c53">
      <Execution id="bd300951-26d7-42ff-926a-65bf3a232108" />
      <TestMethod codeBase="C:\Users\yoruk\.gemini\antigravity\scratch\TrainService\tests\TrainService.Data.Tests\bin\Debug\net8.0\TrainService.Data.Tests.dll" adapterTypeName="executor://xunit/VsTestRunner2/netcoreapp" className="TrainService.Data.Tests.T5xx_DataTests" name="T508_Layer_Can_Be_Deleted" />
    </UnitTest>
    <UnitTest name="TrainService.Data.Tests.T5xx_DataTests.T521_RouteStep_Can_Be_Added" storage="c:\users\yoruk\.gemini\antigravity\scratch\trainservice\tests\trainservice.data.tests\bin\debug\net8.0\trainservice.data.tests.dll" id="c373cd37-70d7-98bb-780a-d00678ba2c0d">
      <Execution id="40ba7b6f-af9a-4d8e-a235-5bafe3b44b4c" />
      <TestMethod codeBase="C:\Users\yoruk\.gemini\antigravity\scratch\TrainService\tests\TrainService.Data.Tests\bin\Debug\net8.0\TrainService.Data.Tests.dll" adapterTypeName="executor://xunit/VsTestRunner2/netcoreapp" className="TrainService.Data.Tests.T5xx_DataTests" name="T521_RouteStep_Can_Be_Added" />
    </UnitTest>
    <UnitTest name="TrainService.Data.Tests.T5xx_DataTests.T519_Route_Can_Be_Updated" storage="c:\users\yoruk\.gemini\antigravity\scratch\trainservice\tests\trainservice.data.tests\bin\debug\net8.0\trainservice.data.tests.dll" id="2819b7b8-c51c-723a-44a3-11e55a2a1966">
      <Execution id="c7c21e08-727f-4a55-85ae-08bd8fa973fd" />
      <TestMethod codeBase="C:\Users\yoruk\.gemini\antigravity\scratch\TrainService\tests\TrainService.Data.Tests\bin\Debug\net8.0\TrainService.Data.Tests.dll" adapterTypeName="executor://xunit/VsTestRunner2/netcoreapp" className="TrainService.Data.Tests.T5xx_DataTests" name="T519_Route_Can_Be_Updated" />
    </UnitTest>
    <UnitTest name="TrainService.Data.Tests.T5xx_DataTests.T529_Ramp_Can_Be_Added" storage="c:\users\yoruk\.gemini\antigravity\scratch\trainservice\tests\trainservice.data.tests\bin\debug\net8.0\trainservice.data.tests.dll" id="2c2f12fe-d2a3-592a-2a85-f556bf946049">
      <Execution id="adf32e40-e9a4-472c-9704-bf769bc0c9eb" />
      <TestMethod codeBase="C:\Users\yoruk\.gemini\antigravity\scratch\TrainService\tests\TrainService.Data.Tests\bin\Debug\net8.0\TrainService.Data.Tests.dll" adapterTypeName="executor://xunit/VsTestRunner2/netcoreapp" className="TrainService.Data.Tests.T5xx_DataTests" name="T529_Ramp_Can_Be_Added" />
    </UnitTest>
    <UnitTest name="TrainService.Data.Tests.T5xx_DataTests.T515_TrackSegment_Can_Be_Updated" storage="c:\users\yoruk\.gemini\antigravity\scratch\trainservice\tests\trainservice.data.tests\bin\debug\net8.0\trainservice.data.tests.dll" id="f99a14ae-8fa3-3634-e88c-55cef8d4f43f">
      <Execution id="b354ef4a-366c-4fd4-8f27-493e1ec0fc31" />
      <TestMethod codeBase="C:\Users\yoruk\.gemini\antigravity\scratch\TrainService\tests\TrainService.Data.Tests\bin\Debug\net8.0\TrainService.Data.Tests.dll" adapterTypeName="executor://xunit/VsTestRunner2/netcoreapp" className="TrainService.Data.Tests.T5xx_DataTests" name="T515_TrackSegment_Can_Be_Updated" />
    </UnitTest>
    <UnitTest name="TrainService.Data.Tests.T5xx_DataTests.T514_TrackSegment_Can_Be_Read" storage="c:\users\yoruk\.gemini\antigravity\scratch\trainservice\tests\trainservice.data.tests\bin\debug\net8.0\trainservice.data.tests.dll" id="ff7203c9-87c0-4e4c-bf36-7cadf3566c7e">
      <Execution id="78e1af75-151e-4298-b942-d2ada926df0d" />
      <TestMethod codeBase="C:\Users\yoruk\.gemini\antigravity\scratch\TrainService\tests\TrainService.Data.Tests\bin\Debug\net8.0\TrainService.Data.Tests.dll" adapterTypeName="executor://xunit/VsTestRunner2/netcoreapp" className="TrainService.Data.Tests.T5xx_DataTests" name="T514_TrackSegment_Can_Be_Read" />
    </UnitTest>
    <UnitTest name="TrainService.Data.Tests.T5xx_DataTests.T511_TrackNode_Can_Be_Updated" storage="c:\users\yoruk\.gemini\antigravity\scratch\trainservice\tests\trainservice.data.tests\bin\debug\net8.0\trainservice.data.tests.dll" id="de5178c4-fa25-2089-9b65-f8cc0b7f2c49">
      <Execution id="86b2bc14-ec90-414b-a25f-590c9f8f294d" />
      <TestMethod codeBase="C:\Users\yoruk\.gemini\antigravity\scratch\TrainService\tests\TrainService.Data.Tests\bin\Debug\net8.0\TrainService.Data.Tests.dll" adapterTypeName="executor://xunit/VsTestRunner2/netcoreapp" className="TrainService.Data.Tests.T5xx_DataTests" name="T511_TrackNode_Can_Be_Updated" />
    </UnitTest>
    <UnitTest name="TrainService.Data.Tests.T5xx_DataTests.T504_Project_Can_Be_Deleted" storage="c:\users\yoruk\.gemini\antigravity\scratch\trainservice\tests\trainservice.data.tests\bin\debug\net8.0\trainservice.data.tests.dll" id="6a0ec120-d903-4c17-8f4f-39f020371ea6">
      <Execution id="c389e69a-bbff-4739-9f39-ca0eab92018b" />
      <TestMethod codeBase="C:\Users\yoruk\.gemini\antigravity\scratch\TrainService\tests\TrainService.Data.Tests\bin\Debug\net8.0\TrainService.Data.Tests.dll" adapterTypeName="executor://xunit/VsTestRunner2/netcoreapp" className="TrainService.Data.Tests.T5xx_DataTests" name="T504_Project_Can_Be_Deleted" />
    </UnitTest>
    <UnitTest name="TrainService.Data.Tests.T5xx_DataTests.T518_Route_Can_Be_Read" storage="c:\users\yoruk\.gemini\antigravity\scratch\trainservice\tests\trainservice.data.tests\bin\debug\net8.0\trainservice.data.tests.dll" id="7a3c42ba-b5f9-fa27-10f2-47781d995255">
      <Execution id="4a064918-322b-406e-a22a-087b8df5f54d" />
      <TestMethod codeBase="C:\Users\yoruk\.gemini\antigravity\scratch\TrainService\tests\TrainService.Data.Tests\bin\Debug\net8.0\TrainService.Data.Tests.dll" adapterTypeName="executor://xunit/VsTestRunner2/netcoreapp" className="TrainService.Data.Tests.T5xx_DataTests" name="T518_Route_Can_Be_Read" />
    </UnitTest>
    <UnitTest name="TrainService.Data.Tests.T5xx_DataTests.T510_TrackNode_Can_Be_Read" storage="c:\users\yoruk\.gemini\antigravity\scratch\trainservice\tests\trainservice.data.tests\bin\debug\net8.0\trainservice.data.tests.dll" id="27414e33-5fbb-4d5b-6798-1b0eeafa1aaf">
      <Execution id="17a13fd0-ce08-4f20-8454-7412991cc1ac" />
      <TestMethod codeBase="C:\Users\yoruk\.gemini\antigravity\scratch\TrainService\tests\TrainService.Data.Tests\bin\Debug\net8.0\TrainService.Data.Tests.dll" adapterTypeName="executor://xunit/VsTestRunner2/netcoreapp" className="TrainService.Data.Tests.T5xx_DataTests" name="T510_TrackNode_Can_Be_Read" />
    </UnitTest>
    <UnitTest name="TrainService.Data.Tests.T5xx_DataTests.T512_TrackNode_Can_Be_Deleted" storage="c:\users\yoruk\.gemini\antigravity\scratch\trainservice\tests\trainservice.data.tests\bin\debug\net8.0\trainservice.data.tests.dll" id="0fb42d3e-f44d-5f57-87c5-6f6e808aecdd">
      <Execution id="41c4c52f-60e6-475f-8f25-6dc8f6282422" />
      <TestMethod codeBase="C:\Users\yoruk\.gemini\antigravity\scratch\TrainService\tests\TrainService.Data.Tests\bin\Debug\net8.0\TrainService.Data.Tests.dll" adapterTypeName="executor://xunit/VsTestRunner2/netcoreapp" className="TrainService.Data.Tests.T5xx_DataTests" name="T512_TrackNode_Can_Be_Deleted" />
    </UnitTest>
    <UnitTest name="TrainService.Data.Tests.T5xx_DataTests.T533_Station_Can_Be_Added" storage="c:\users\yoruk\.gemini\antigravity\scratch\trainservice\tests\trainservice.data.tests\bin\debug\net8.0\trainservice.data.tests.dll" id="9583d00f-e789-f617-16b2-e9f2965b3ce3">
      <Execution id="884d038f-b643-4e7b-b5a3-86755360876c" />
      <TestMethod codeBase="C:\Users\yoruk\.gemini\antigravity\scratch\TrainService\tests\TrainService.Data.Tests\bin\Debug\net8.0\TrainService.Data.Tests.dll" adapterTypeName="executor://xunit/VsTestRunner2/netcoreapp" className="TrainService.Data.Tests.T5xx_DataTests" name="T533_Station_Can_Be_Added" />
    </UnitTest>
    <UnitTest name="TrainService.Data.Tests.T5xx_DataTests.T525_Switch_Can_Be_Added" storage="c:\users\yoruk\.gemini\antigravity\scratch\trainservice\tests\trainservice.data.tests\bin\debug\net8.0\trainservice.data.tests.dll" id="4576ae04-775c-4e8f-d228-b5b58f0c7c2a">
      <Execution id="4a3bc453-1981-443c-bc33-d5a4d76f2201" />
      <TestMethod codeBase="C:\Users\yoruk\.gemini\antigravity\scratch\TrainService\tests\TrainService.Data.Tests\bin\Debug\net8.0\TrainService.Data.Tests.dll" adapterTypeName="executor://xunit/VsTestRunner2/netcoreapp" className="TrainService.Data.Tests.T5xx_DataTests" name="T525_Switch_Can_Be_Added" />
    </UnitTest>
    <UnitTest name="TrainService.Data.Tests.T5xx_DataTests.T524_RouteStep_Can_Be_Deleted" storage="c:\users\yoruk\.gemini\antigravity\scratch\trainservice\tests\trainservice.data.tests\bin\debug\net8.0\trainservice.data.tests.dll" id="37273b63-760b-62c4-a747-b661e9cd1954">
      <Execution id="a82fe7bd-34e6-4469-a10a-347b15278e82" />
      <TestMethod codeBase="C:\Users\yoruk\.gemini\antigravity\scratch\TrainService\tests\TrainService.Data.Tests\bin\Debug\net8.0\TrainService.Data.Tests.dll" adapterTypeName="executor://xunit/VsTestRunner2/netcoreapp" className="TrainService.Data.Tests.T5xx_DataTests" name="T524_RouteStep_Can_Be_Deleted" />
    </UnitTest>
    <UnitTest name="TrainService.Data.Tests.T5xx_DataTests.T501_Project_Can_Be_Added" storage="c:\users\yoruk\.gemini\antigravity\scratch\trainservice\tests\trainservice.data.tests\bin\debug\net8.0\trainservice.data.tests.dll" id="4f5b1429-e4d0-85f5-d448-962cd1b6adc7">
      <Execution id="20a1c91c-b8f2-4c41-9795-ff7d06107052" />
      <TestMethod codeBase="C:\Users\yoruk\.gemini\antigravity\scratch\TrainService\tests\TrainService.Data.Tests\bin\Debug\net8.0\TrainService.Data.Tests.dll" adapterTypeName="executor://xunit/VsTestRunner2/netcoreapp" className="TrainService.Data.Tests.T5xx_DataTests" name="T501_Project_Can_Be_Added" />
    </UnitTest>
    <UnitTest name="TrainService.Data.Tests.T5xx_DataTests.T535_Station_Can_Be_Updated" storage="c:\users\yoruk\.gemini\antigravity\scratch\trainservice\tests\trainservice.data.tests\bin\debug\net8.0\trainservice.data.tests.dll" id="c0feac45-f3b4-a31b-f841-129ad0b44ceb">
      <Execution id="43cd2fd1-77ac-4fac-bbd9-fc453da384c5" />
      <TestMethod codeBase="C:\Users\yoruk\.gemini\antigravity\scratch\TrainService\tests\TrainService.Data.Tests\bin\Debug\net8.0\TrainService.Data.Tests.dll" adapterTypeName="executor://xunit/VsTestRunner2/netcoreapp" className="TrainService.Data.Tests.T5xx_DataTests" name="T535_Station_Can_Be_Updated" />
    </UnitTest>
    <UnitTest name="TrainService.Data.Tests.T5xx_DataTests.T534_Station_Can_Be_Read" storage="c:\users\yoruk\.gemini\antigravity\scratch\trainservice\tests\trainservice.data.tests\bin\debug\net8.0\trainservice.data.tests.dll" id="e270e429-c191-bfa7-c2e7-383291abda0c">
      <Execution id="40dfb2bb-475a-42f8-aa0b-5e70bba86b26" />
      <TestMethod codeBase="C:\Users\yoruk\.gemini\antigravity\scratch\TrainService\tests\TrainService.Data.Tests\bin\Debug\net8.0\TrainService.Data.Tests.dll" adapterTypeName="executor://xunit/VsTestRunner2/netcoreapp" className="TrainService.Data.Tests.T5xx_DataTests" name="T534_Station_Can_Be_Read" />
    </UnitTest>
    <UnitTest name="TrainService.Data.Tests.T5xx_DataTests.T523_RouteStep_Can_Be_Updated" storage="c:\users\yoruk\.gemini\antigravity\scratch\trainservice\tests\trainservice.data.tests\bin\debug\net8.0\trainservice.data.tests.dll" id="33c2359d-6f58-4a9a-38e8-554ea65e779e">
      <Execution id="de062199-a9f9-4808-b865-c3344c536448" />
      <TestMethod codeBase="C:\Users\yoruk\.gemini\antigravity\scratch\TrainService\tests\TrainService.Data.Tests\bin\Debug\net8.0\TrainService.Data.Tests.dll" adapterTypeName="executor://xunit/VsTestRunner2/netcoreapp" className="TrainService.Data.Tests.T5xx_DataTests" name="T523_RouteStep_Can_Be_Updated" />
    </UnitTest>
    <UnitTest name="TrainService.Data.Tests.T5xx_DataTests.T520_Route_Can_Be_Deleted" storage="c:\users\yoruk\.gemini\antigravity\scratch\trainservice\tests\trainservice.data.tests\bin\debug\net8.0\trainservice.data.tests.dll" id="312d8179-c4c6-bbbc-aba6-a609acd97ed7">
      <Execution id="3ecff73e-f766-4eda-9133-4349f2782276" />
      <TestMethod codeBase="C:\Users\yoruk\.gemini\antigravity\scratch\TrainService\tests\TrainService.Data.Tests\bin\Debug\net8.0\TrainService.Data.Tests.dll" adapterTypeName="executor://xunit/VsTestRunner2/netcoreapp" className="TrainService.Data.Tests.T5xx_DataTests" name="T520_Route_Can_Be_Deleted" />
    </UnitTest>
    <UnitTest name="TrainService.Data.Tests.T5xx_DataTests.T513_TrackSegment_Can_Be_Added" storage="c:\users\yoruk\.gemini\antigravity\scratch\trainservice\tests\trainservice.data.tests\bin\debug\net8.0\trainservice.data.tests.dll" id="953d5628-cefa-a529-29bd-587a6c23bddc">
      <Execution id="c7df051b-528d-4dd7-939a-b93f4ec49ef4" />
      <TestMethod codeBase="C:\Users\yoruk\.gemini\antigravity\scratch\TrainService\tests\TrainService.Data.Tests\bin\Debug\net8.0\TrainService.Data.Tests.dll" adapterTypeName="executor://xunit/VsTestRunner2/netcoreapp" className="TrainService.Data.Tests.T5xx_DataTests" name="T513_TrackSegment_Can_Be_Added" />
    </UnitTest>
    <UnitTest name="TrainService.Data.Tests.T5xx_DataTests.T509_TrackNode_Can_Be_Added" storage="c:\users\yoruk\.gemini\antigravity\scratch\trainservice\tests\trainservice.data.tests\bin\debug\net8.0\trainservice.data.tests.dll" id="a40c54e8-a6b9-8492-9622-b43822bd4ee0">
      <Execution id="50222633-b190-456b-8ccd-eae0cc03f7a8" />
      <TestMethod codeBase="C:\Users\yoruk\.gemini\antigravity\scratch\TrainService\tests\TrainService.Data.Tests\bin\Debug\net8.0\TrainService.Data.Tests.dll" adapterTypeName="executor://xunit/VsTestRunner2/netcoreapp" className="TrainService.Data.Tests.T5xx_DataTests" name="T509_TrackNode_Can_Be_Added" />
    </UnitTest>
  </TestDefinitions>
  <TestEntries>
    <TestEntry testId="9935daa5-e325-0a97-0fee-0fe7c3ab556c" executionId="9267f6fc-010a-46ab-a3e4-bbe70274809e" testListId="8c84fa94-04c1-424b-9868-57a2d4851a1d" />
    <TestEntry testId="3d6a2549-2fb6-b739-b065-2445055cdfcb" executionId="2c7f94d2-9dd2-405a-8443-64d3d247f007" testListId="8c84fa94-04c1-424b-9868-57a2d4851a1d" />
    <TestEntry testId="6a4b47d3-e90c-39d9-f655-594c3f7cb893" executionId="b57b4410-bd54-4dec-9872-242496218284" testListId="8c84fa94-04c1-424b-9868-57a2d4851a1d" />
    <TestEntry testId="6a0ec120-d903-4c17-8f4f-39f020371ea6" executionId="c389e69a-bbff-4739-9f39-ca0eab92018b" testListId="8c84fa94-04c1-424b-9868-57a2d4851a1d" />
    <TestEntry testId="ffcc1d9d-a6aa-4212-fbca-e5c00b4204b7" executionId="f6797de5-6939-4783-9181-504857dead02" testListId="8c84fa94-04c1-424b-9868-57a2d4851a1d" />
    <TestEntry testId="7a3c42ba-b5f9-fa27-10f2-47781d995255" executionId="4a064918-322b-406e-a22a-087b8df5f54d" testListId="8c84fa94-04c1-424b-9868-57a2d4851a1d" />
    <TestEntry testId="2819b7b8-c51c-723a-44a3-11e55a2a1966" executionId="c7c21e08-727f-4a55-85ae-08bd8fa973fd" testListId="8c84fa94-04c1-424b-9868-57a2d4851a1d" />
    <TestEntry testId="953d5628-cefa-a529-29bd-587a6c23bddc" executionId="c7df051b-528d-4dd7-939a-b93f4ec49ef4" testListId="8c84fa94-04c1-424b-9868-57a2d4851a1d" />
    <TestEntry testId="875168ca-adb0-b82d-177d-01fc55509302" executionId="767347d0-894f-4a97-99dc-5d15c0b42de9" testListId="8c84fa94-04c1-424b-9868-57a2d4851a1d" />
    <TestEntry testId="9583d00f-e789-f617-16b2-e9f2965b3ce3" executionId="884d038f-b643-4e7b-b5a3-86755360876c" testListId="8c84fa94-04c1-424b-9868-57a2d4851a1d" />
    <TestEntry testId="e3bf19ce-56d3-5a48-db06-aa40c9c9ae87" executionId="6a56d8ce-41d6-45ad-820f-894fecba68d8" testListId="8c84fa94-04c1-424b-9868-57a2d4851a1d" />
    <TestEntry testId="ec0de270-0fb1-f48e-e2b4-9dc6ea007c53" executionId="bd300951-26d7-42ff-926a-65bf3a232108" testListId="8c84fa94-04c1-424b-9868-57a2d4851a1d" />
    <TestEntry testId="eaa59819-ccdf-9571-979d-efe99beda499" executionId="b46c3fa1-cffc-48bb-8b70-fba432ae30d4" testListId="8c84fa94-04c1-424b-9868-57a2d4851a1d" />
    <TestEntry testId="37273b63-760b-62c4-a747-b661e9cd1954" executionId="a82fe7bd-34e6-4469-a10a-347b15278e82" testListId="8c84fa94-04c1-424b-9868-57a2d4851a1d" />
    <TestEntry testId="c373cd37-70d7-98bb-780a-d00678ba2c0d" executionId="40ba7b6f-af9a-4d8e-a235-5bafe3b44b4c" testListId="8c84fa94-04c1-424b-9868-57a2d4851a1d" />
    <TestEntry testId="ccea256b-1db1-0bb8-d19f-d15c278e8821" executionId="6d2dd87d-ec3e-4bfc-b49d-7c8910bdc79a" testListId="8c84fa94-04c1-424b-9868-57a2d4851a1d" />
    <TestEntry testId="5715492f-a083-49b5-c848-9a13f437aec0" executionId="c38308c1-b507-4742-9d97-661c773c8030" testListId="8c84fa94-04c1-424b-9868-57a2d4851a1d" />
    <TestEntry testId="de5178c4-fa25-2089-9b65-f8cc0b7f2c49" executionId="86b2bc14-ec90-414b-a25f-590c9f8f294d" testListId="8c84fa94-04c1-424b-9868-57a2d4851a1d" />
    <TestEntry testId="a8b26cfc-b301-fcaa-30d1-f8c7355edf81" executionId="d8a4f753-63cd-413a-8b4f-a553bc7fec7f" testListId="8c84fa94-04c1-424b-9868-57a2d4851a1d" />
    <TestEntry testId="f99a14ae-8fa3-3634-e88c-55cef8d4f43f" executionId="b354ef4a-366c-4fd4-8f27-493e1ec0fc31" testListId="8c84fa94-04c1-424b-9868-57a2d4851a1d" />
    <TestEntry testId="4576ae04-775c-4e8f-d228-b5b58f0c7c2a" executionId="4a3bc453-1981-443c-bc33-d5a4d76f2201" testListId="8c84fa94-04c1-424b-9868-57a2d4851a1d" />
    <TestEntry testId="6b38fd1b-1c2c-88ec-4197-fcf7c9f045ac" executionId="a9ef5309-c54f-4291-9811-23915b02cb65" testListId="8c84fa94-04c1-424b-9868-57a2d4851a1d" />
    <TestEntry testId="312d8179-c4c6-bbbc-aba6-a609acd97ed7" executionId="3ecff73e-f766-4eda-9133-4349f2782276" testListId="8c84fa94-04c1-424b-9868-57a2d4851a1d" />
    <TestEntry testId="6df86df4-5e1a-d67d-9035-6456a2b6ff38" executionId="03210fc6-124f-4d1f-8e1a-faa1c0b4fe37" testListId="8c84fa94-04c1-424b-9868-57a2d4851a1d" />
    <TestEntry testId="33c2359d-6f58-4a9a-38e8-554ea65e779e" executionId="de062199-a9f9-4808-b865-c3344c536448" testListId="8c84fa94-04c1-424b-9868-57a2d4851a1d" />
    <TestEntry testId="471719c9-5262-72b4-27a1-0bbfaa92c6bf" executionId="74748c2f-f8a4-43b4-a63c-84d2cb95c685" testListId="8c84fa94-04c1-424b-9868-57a2d4851a1d" />
    <TestEntry testId="a40c54e8-a6b9-8492-9622-b43822bd4ee0" executionId="50222633-b190-456b-8ccd-eae0cc03f7a8" testListId="8c84fa94-04c1-424b-9868-57a2d4851a1d" />
    <TestEntry testId="602ac21f-2bbd-9a05-ade5-0d5a09166424" executionId="0321a36d-3d31-49ed-a1eb-9879294edcb0" testListId="8c84fa94-04c1-424b-9868-57a2d4851a1d" />
    <TestEntry testId="0fb42d3e-f44d-5f57-87c5-6f6e808aecdd" executionId="41c4c52f-60e6-475f-8f25-6dc8f6282422" testListId="8c84fa94-04c1-424b-9868-57a2d4851a1d" />
    <TestEntry testId="2c2f12fe-d2a3-592a-2a85-f556bf946049" executionId="adf32e40-e9a4-472c-9704-bf769bc0c9eb" testListId="8c84fa94-04c1-424b-9868-57a2d4851a1d" />
    <TestEntry testId="bf6e05cd-69ad-212d-7cb8-586c28b689b5" executionId="a18cb3ee-b99b-44fb-adf0-500ccbd5a583" testListId="8c84fa94-04c1-424b-9868-57a2d4851a1d" />
    <TestEntry testId="0feca816-9402-9bdd-8a70-4c70b627aa34" executionId="f7e0d4de-7add-4d5c-823a-5bb950179646" testListId="8c84fa94-04c1-424b-9868-57a2d4851a1d" />
    <TestEntry testId="cdf14925-4d67-afd4-70d1-ead7c3b699f4" executionId="9bd9a738-73bf-4f7c-9fc2-cd578bc9caa6" testListId="8c84fa94-04c1-424b-9868-57a2d4851a1d" />
    <TestEntry testId="e270e429-c191-bfa7-c2e7-383291abda0c" executionId="40dfb2bb-475a-42f8-aa0b-5e70bba86b26" testListId="8c84fa94-04c1-424b-9868-57a2d4851a1d" />
    <TestEntry testId="4f5b1429-e4d0-85f5-d448-962cd1b6adc7" executionId="20a1c91c-b8f2-4c41-9795-ff7d06107052" testListId="8c84fa94-04c1-424b-9868-57a2d4851a1d" />
    <TestEntry testId="c0feac45-f3b4-a31b-f841-129ad0b44ceb" executionId="43cd2fd1-77ac-4fac-bbd9-fc453da384c5" testListId="8c84fa94-04c1-424b-9868-57a2d4851a1d" />
    <TestEntry testId="27414e33-5fbb-4d5b-6798-1b0eeafa1aaf" executionId="17a13fd0-ce08-4f20-8454-7412991cc1ac" testListId="8c84fa94-04c1-424b-9868-57a2d4851a1d" />
    <TestEntry testId="1189260d-4d33-fd2a-a7db-7638eb5d59d1" executionId="ea669156-b65d-4c81-9a33-19a666e31949" testListId="8c84fa94-04c1-424b-9868-57a2d4851a1d" />
    <TestEntry testId="ff7203c9-87c0-4e4c-bf36-7cadf3566c7e" executionId="78e1af75-151e-4298-b942-d2ada926df0d" testListId="8c84fa94-04c1-424b-9868-57a2d4851a1d" />
    <TestEntry testId="0b3f723c-f42d-184c-e36c-db918aea92f4" executionId="2d168b55-d9f5-441d-9e9b-e1cc7915b7c3" testListId="8c84fa94-04c1-424b-9868-57a2d4851a1d" />
    <TestEntry testId="2948d9d5-2817-2ac9-c356-72546860a3ff" executionId="82fc3637-71f9-4aea-9bc0-43a9944af095" testListId="8c84fa94-04c1-424b-9868-57a2d4851a1d" />
  </TestEntries>
  <TestLists>
    <TestList name="Bir Listede Olmayan Sonuçlar" id="8c84fa94-04c1-424b-9868-57a2d4851a1d" />
    <TestList name="Yüklenen Tüm Sonuçlar" id="19431567-8539-422a-85d7-44ee4e166bda" />
  </TestLists>
  <ResultSummary outcome="Completed">
    <Counters total="41" executed="41" passed="41" failed="0" error="0" timeout="0" aborted="0" inconclusive="0" passedButRunAborted="0" notRunnable="0" notExecuted="0" disconnected="0" warning="0" completed="0" inProgress="0" pending="0" />
    <Output>
      <StdOut>[xUnit.net 00:00:00.00] xUnit.net VSTest Adapter v2.5.3.1+6b60a9e56a (64-bit .NET 8.0.28)&#xD;
[xUnit.net 00:00:01.13]   Discovering: TrainService.Data.Tests&#xD;
[xUnit.net 00:00:01.18]   Discovered:  TrainService.Data.Tests&#xD;
[xUnit.net 00:00:01.18]   Starting:    TrainService.Data.Tests&#xD;
[xUnit.net 00:00:01.71]   Finished:    TrainService.Data.Tests&#xD;
</StdOut>
    </Output>
  </ResultSummary>
</TestRun>